    +----------------------------------------------------------------------+
                        MobaXterm Professional v21.0                    
                   (SSH client, X server and network tools)               
                                                                          
     ? SSH session to root@10.221.40.122                                  
        Direct SSH      :  ?                                             
        SSH compression :  ?                                             
        SSH-browser     :  ?                                             
        X11-forwarding  :  ?  (remote display is forwarded through SSH)  
                                                                          
     ? For more info, ctrl+click on help or visit our website.            
    +----------------------------------------------------------------------+

sh: xauth: not found
root@raspberrypi4:/var/rootdirs/home/root# dmesg
[    0.000000] Booting Linux on physical CPU 0x0
[    0.000000] Linux version 5.4.72-v7l (oe-user@oe-host) (gcc version 9.3.0 (GCC)) #1 SMP Mon Jul 26 13:50:08 UTC 2021
[    0.000000] CPU: ARMv7 Processor [410fd083] revision 3 (ARMv7), cr=30c5383d
[    0.000000] CPU: div instructions available: patching division code
[    0.000000] CPU: PIPT / VIPT nonaliasing data cache, PIPT instruction cache
[    0.000000] OF: fdt: Machine model: Raspberry Pi 4 Model B Rev 1.4
[    0.000000] Memory policy: Data cache writealloc
[    0.000000] Reserved memory: created CMA memory pool at 0x000000001d000000, size 256 MiB
[    0.000000] OF: reserved mem: initialized node linux,cma, compatible id shared-dma-pool
[    0.000000] On node 0 totalpages: 955392
[    0.000000]   DMA zone: 2172 pages used for memmap
[    0.000000]   DMA zone: 0 pages reserved
[    0.000000]   DMA zone: 185344 pages, LIFO batch:63
[    0.000000]   HighMem zone: 770048 pages, LIFO batch:63
[    0.000000] percpu: Embedded 20 pages/cpu s50444 r8192 d23284 u81920
[    0.000000] pcpu-alloc: s50444 r8192 d23284 u81920 alloc=20*4096
[    0.000000] pcpu-alloc: [0] 0 [0] 1 [0] 2 [0] 3
[    0.000000] Built 1 zonelists, mobility grouping on.  Total pages: 953220
[    0.000000] Kernel command line: ostree=/ostree/boot.1/webos/17e529015bda146a1078c047c86dde9016d71efd89d7182defb15613a2ca5cbd/0 coherent_pool=snd_bcm2835.enable_compat_alsa=0 snd_bcm2835.enable_hdmi=1 snd_bcm2835.enable_headphones=1 video=HDMI-A-1:1920x1080M@60 smsc95xx.macaddr=E4:5F:01m_base=0x3ec00000 vc_mem.mem_size=0x40000000  dwc_otg.lpm_enable=0 console=ttyS0,115200         cgroup_memory=1 cgroup_enable=memory ostree_root==/dev/ram0 rw rootwait rootdelay=2 ramdisk_size=8192 panic=1
[    0.000000] Dentry cache hash table entries: 131072 (order: 7, 524288 bytes, linear)
[    0.000000] Inode-cache hash table entries: 65536 (order: 6, 262144 bytes, linear)
[    0.000000] mem auto-init: stack:off, heap alloc:off, heap free:off
[    0.000000] software IO TLB: mapped [mem 0x160c0000-0x1a0c0000] (64MB)
[    0.000000] Memory: 3426936K/3821568K available (10240K kernel code, 792K rwdata, 3252K rodata, 2048K init, 897K bss, 132488K reserved, 2621440192K highmem)
[    0.000000] SLUB: HWalign=64, Order=0-3, MinObjects=0, CPUs=4, Nodes=1
[    0.000000] ftrace: allocating 34895 entries in 69 pages
[    0.000000] rcu: Hierarchical RCU implementation.
[    0.000000] rcu: RCU calculated value of scheduler-enlistment delay is 10 jiffies.
[    0.000000] NR_IRQS: 16, nr_irqs: 16, preallocated irqs: 16
[    0.000000] GIC: Using split EOI/Deactivate mode
[    0.000000] random: get_random_bytes called from start_kernel+0x338/0x51c with crng_init=0
[    0.000008] sched_clock: 32 bits at 1000kHz, resolution 1000ns, wraps every 2147483647500ns
[    0.000031] clocksource: timer: mask: 0xffffffff max_cycles: 0xffffffff, max_idle_ns: 1911260446275 ns
[    0.000115] bcm2835: system timer (irq = 17)
[    0.000800] arch_timer: cp15 timer(s) running at 54.00MHz (phys).
[    0.000820] clocksource: arch_sys_counter: mask: 0xffffffffffffff max_cycles: 0xc743ce346, max_idle_ns: 440795203123 ns
[    0.000840] sched_clock: 56 bits at 54MHz, resolution 18ns, wraps every 4398046511102ns
[    0.000856] Switching to timer-based delay loop, resolution 18ns
[    0.001103] Console: colour dummy device 80x30
[    0.001168] Calibrating delay loop (skipped), value calculated using timer frequency.. 108.00 BogoMIPS (lpj=540000)
[    0.001194] pid_max: default: 32768 minimum: 301
[    0.001351] LSM: Security Framework initializing
[    0.001549] Mount-cache hash table entries: 2048 (order: 1, 8192 bytes, linear)
[    0.001579] Mountpoint-cache hash table entries: 2048 (order: 1, 8192 bytes, linear)
[    0.002653] CPU: Testing write buffer coherency: ok
[    0.003161] CPU0: thread -1, cpu 0, socket 0, mpidr 80000000
[    0.004065] Setting up static identity map for 0x200000 - 0x200060
[    0.004276] rcu: Hierarchical SRCU implementation.
[    0.004955] smp: Bringing up secondary CPUs ...
[    0.006153] CPU1: thread -1, cpu 1, socket 0, mpidr 80000001
[    0.007530] CPU2: thread -1, cpu 2, socket 0, mpidr 80000002
[    0.008838] CPU3: thread -1, cpu 3, socket 0, mpidr 80000003
[    0.009049] smp: Brought up 1 node, 4 CPUs
[    0.009086] SMP: Total of 4 processors activated (432.00 BogoMIPS).
[    0.009104] CPU: All CPU(s) started in HYP mode.
[    0.009121] CPU: Virtualization extensions available.
[    0.009919] devtmpfs: initialized
[    0.024317] VFP support v0.3: implementor 41 architecture 3 part 40 variant 8 rev 0
[    0.024783] clocksource: jiffies: mask: 0xffffffff max_cycles: 0xffffffff, max_idle_ns: 19112604462750000 ns
[    0.024817] futex hash table entries: 1024 (order: 4, 65536 bytes, linear)
[    0.031573] pinctrl core: initialized pinctrl subsystem
[    0.032624] NET: Registered protocol family 16
[    0.036591] DMA: preallocated 1024 KiB pool for atomic coherent allocations
[    0.037215] audit: initializing netlink subsys (disabled)
[    0.037478] audit: type=2000 audit(0.030:1): state=initialized audit_enabled=0 res=1
[    0.038809] hw-breakpoint: found 5 (+1 reserved) breakpoint and 4 watchpoint registers.
[    0.038829] hw-breakpoint: maximum watchpoint size is 8 bytes.
[    0.039193] Serial: AMBA PL011 UART driver
[    0.043004] bcm2835-mbox fe00b880.mailbox: mailbox enabled
[    0.070897] raspberrypi-firmware soc:firmware: Attached to firmware from 2021-05-27 14:02, variant start
[    0.080900] raspberrypi-firmware soc:firmware: Firmware hash is 7d9a298cda813f747b51fe17e1e417e7bf5ca94d
[    0.140156] bcm2835-dma fe007000.dma: DMA legacy API manager, dmachans=0x1
[    0.144190] vgaarb: loaded
[    0.144682] SCSI subsystem initialized
[    0.144915] usbcore: registered new interface driver usbfs
[    0.144993] usbcore: registered new interface driver hub
[    0.145119] usbcore: registered new device driver usb
[    0.145471] usb_phy_generic phy: phy supply vcc not found, using dummy regulator
[    0.147511] clocksource: Switched to clocksource arch_sys_counter
[    0.896422] VFS: Disk quotas dquot_6.6.0
[    0.896541] VFS: Dquot-cache hash table entries: 1024 (order 0, 4096 bytes)
[    0.896753] FS-Cache: Loaded
[    0.896964] CacheFiles: Loaded
[    0.898018] simple-framebuffer 3e402000.framebuffer: framebuffer at 0x3e402000, 0x7f8000 bytes, mapped to 0x(ptrval)
[    0.898045] simple-framebuffer 3e402000.framebuffer: format=a8r8g8b8, mode=1920x1080x32, linelength=7680
[    0.908885] Console: switching to colour frame buffer device 240x67
[    0.918549] simple-framebuffer 3e402000.framebuffer: fb0: simplefb registered!
[    0.929431] thermal_sys: Registered thermal governor 'step_wise'
[    0.929788] NET: Registered protocol family 2
[    0.930552] tcp_listen_portaddr_hash hash table entries: 512 (order: 0, 6144 bytes, linear)
[    0.930590] TCP established hash table entries: 8192 (order: 3, 32768 bytes, linear)
[    0.930658] TCP bind hash table entries: 8192 (order: 4, 65536 bytes, linear)
[    0.930729] TCP: Hash tables configured (established 8192 bind 8192)
[    0.930882] UDP hash table entries: 512 (order: 2, 16384 bytes, linear)
[    0.930921] UDP-Lite hash table entries: 512 (order: 2, 16384 bytes, linear)
[    0.931195] NET: Registered protocol family 1
[    0.931997] RPC: Registered named UNIX socket transport module.
[    0.932017] RPC: Registered udp transport module.
[    0.932035] RPC: Registered tcp transport module.
[    0.932053] RPC: Registered tcp NFSv4.1 backchannel transport module.
[    0.932079] PCI: CLS 0 bytes, default 64
[    0.932343] Trying to unpack rootfs image as initramfs...
[    1.072134] Freeing initrd memory: 1876K
[    1.074088] hw perfevents: enabled with armv7_cortex_a15 PMU driver, 7 counters available
[    1.076826] Initialise system trusted keyrings
[    1.077106] workingset: timestamp_bits=14 max_order=20 bucket_order=6
[    1.088662] FS-Cache: Netfs 'nfs' registered for caching
[    1.089293] NFS: Registering the id_resolver key type
[    1.089331] Key type id_resolver registered
[    1.089351] Key type id_legacy registered
[    1.089380] nfs4filelayout_init: NFSv4 File Layout Driver Registering...
[    1.089429] ntfs: driver 2.1.32 [Flags: R/W].
[    1.132562] NET: Registered protocol family 38
[    1.132589] Key type asymmetric registered
[    1.132609] Asymmetric key parser 'x509' registered
[    1.132830] bounce: pool size: 64 pages
[    1.132925] Block layer SCSI generic (bsg) driver version 0.4 loaded (major 249)
[    1.133162] io scheduler mq-deadline registered
[    1.133183] io scheduler kyber registered
[    1.137295] brcm-pcie fd500000.pcie: host bridge /scb/pcie@7d500000 ranges:
[    1.137327] brcm-pcie fd500000.pcie:   No bus range found for /scb/pcie@7d500000, using [bus 00-ff]
[    1.137405] brcm-pcie fd500000.pcie:      MEM 0x0600000000..0x0603ffffff -> 0x00f8000000
[    1.137483] brcm-pcie fd500000.pcie:   IB MEM 0x0000000000..0x00ffffffff -> 0x0400000000
[    1.199627] brcm-pcie fd500000.pcie: link up, 5 GT/s x1 (SSC)
[    1.199967] brcm-pcie fd500000.pcie: PCI host bridge to bus 0000:00
[    1.199993] pci_bus 0000:00: root bus resource [bus 00-ff]
[    1.200019] pci_bus 0000:00: root bus resource [mem 0x600000000-0x603ffffff] (bus address [0xf8000000-0xfbffffff])
[    1.200097] pci 0000:00:00.0: [14e4:2711] type 01 class 0x060400
[    1.200374] pci 0000:00:00.0: PME# supported from D0 D3hot
[    1.203800] PCI: bus0: Fast back to back transfers disabled
[    1.204042] pci 0000:01:00.0: [1106:3483] type 00 class 0x0c0330
[    1.204195] pci 0000:01:00.0: reg 0x10: [mem 0x00000000-0x00000fff 64bit]
[    1.204667] pci 0000:01:00.0: PME# supported from D0 D3hot
[    1.208113] PCI: bus1: Fast back to back transfers disabled
[    1.208192] pci 0000:00:00.0: BAR 8: assigned [mem 0x600000000-0x6000fffff]
[    1.208222] pci 0000:01:00.0: BAR 0: assigned [mem 0x600000000-0x600000fff 64bit]
[    1.208310] pci 0000:00:00.0: PCI bridge to [bus 01]
[    1.208340] pci 0000:00:00.0:   bridge window [mem 0x600000000-0x6000fffff]
[    1.208665] pcieport 0000:00:00.0: enabling device (0140 -> 0142)
[    1.208910] pcieport 0000:00:00.0: PME: Signaling with IRQ 58
[    1.209309] pcieport 0000:00:00.0: AER: enabled with IRQ 58
[    1.209641] pci 0000:01:00.0: enabling device (0140 -> 0142)
[    1.254484] pci 0000:01:00.0: quirk_usb_early_handoff+0x0/0x7d8 took 43811 usecs
[    1.259570] Serial: 8250/16550 driver, 1 ports, IRQ sharing enabled
[    1.262947] iproc-rng200 fe104000.rng: hwrng registered
[    1.263336] vc-mem: phys_addr:0x00000000 mem_base=0x3ec00000 mem_size:0x40000000(1024 MiB)
[    1.264026] vc-sm: Videocore shared memory driver
[    1.264674] gpiomem-bcm2835 fe200000.gpiomem: Initialised: Registers at 0xfe200000
[    1.277776] brd: module loaded
[    1.290649] loop: module loaded
[    1.291408] zram: Added device: zram0
[    1.292871] Loading iSCSI transport class v2.0-870.
[    1.295029] libphy: Fixed MDIO Bus: probed
[    1.295726] bcmgenet fd580000.ethernet: failed to get enet clock
[    1.295752] bcmgenet fd580000.ethernet: GENET 5.0 EPHY: 0x0000
[    1.295780] bcmgenet fd580000.ethernet: failed to get enet-wol clock
[    1.295808] bcmgenet fd580000.ethernet: failed to get enet-eee clock
[    1.295841] bcmgenet: Skipping UMAC reset
[    1.307551] libphy: bcmgenet MII bus: probed
[    1.387667] unimac-mdio unimac-mdio.-19: Broadcom UniMAC MDIO bus
[    1.388757] usbcore: registered new interface driver r8152
[    1.388843] usbcore: registered new interface driver lan78xx
[    1.388908] usbcore: registered new interface driver smsc95xx
[    1.389364] xhci_hcd 0000:01:00.0: xHCI Host Controller
[    1.389406] xhci_hcd 0000:01:00.0: new USB bus registered, assigned bus number 1
[    1.392650] xhci_hcd 0000:01:00.0: hcc params 0x002841eb hci version 0x100 quirks 0x0000001000000890
[    1.393959] usb usb1: New USB device found, idVendor=1d6b, idProduct=0002, bcdDevice= 5.04
[    1.393983] usb usb1: New USB device strings: Mfr=3, Product=2, SerialNumber=1
[    1.394004] usb usb1: Product: xHCI Host Controller
[    1.394025] usb usb1: Manufacturer: Linux 5.4.72-v7l xhci-hcd
[    1.394045] usb usb1: SerialNumber: 0000:01:00.0
[    1.394703] hub 1-0:1.0: USB hub found
[    1.394809] hub 1-0:1.0: 1 port detected
[    1.395505] xhci_hcd 0000:01:00.0: xHCI Host Controller
[    1.395538] xhci_hcd 0000:01:00.0: new USB bus registered, assigned bus number 2
[    1.395571] xhci_hcd 0000:01:00.0: Host supports USB 3.0 SuperSpeed
[    1.396035] usb usb2: New USB device found, idVendor=1d6b, idProduct=0003, bcdDevice= 5.04
[    1.396057] usb usb2: New USB device strings: Mfr=3, Product=2, SerialNumber=1
[    1.396079] usb usb2: Product: xHCI Host Controller
[    1.396099] usb usb2: Manufacturer: Linux 5.4.72-v7l xhci-hcd
[    1.396119] usb usb2: SerialNumber: 0000:01:00.0
[    1.396770] hub 2-0:1.0: USB hub found
[    1.396845] hub 2-0:1.0: 4 ports detected
[    1.398433] dwc_otg: version 3.00a 10-AUG-2012 (platform bus)
[    1.398762] dwc_otg: FIQ enabled
[    1.398775] dwc_otg: NAK holdoff enabled
[    1.398788] dwc_otg: FIQ split-transaction FSM enabled
[    1.398804] Module dwc_common_port init
[    1.399271] usbcore: registered new interface driver uas
[    1.399382] usbcore: registered new interface driver usb-storage
[    1.399514] usbcore: registered new interface driver usbserial_generic
[    1.399556] usbserial: USB Serial support registered for generic
[    1.399628] usbcore: registered new interface driver ftdi_sio
[    1.399667] usbserial: USB Serial support registered for FTDI USB Serial Device
[    1.399821] usbcore: registered new interface driver pl2303
[    1.399861] usbserial: USB Serial support registered for pl2303
[    1.400105] mousedev: PS/2 mouse device common for all mice
[    1.402760] bcm2835-wdt bcm2835-wdt: Broadcom BCM2835 watchdog timer
[    1.406320] sdhci: Secure Digital Host Controller Interface driver
[    1.406339] sdhci: Copyright(c) Pierre Ossman
[    1.406990] mmc-bcm2835 fe300000.mmcnr: could not get clk, deferring probe
[    1.407880] sdhci-pltfm: SDHCI platform and OF driver helper
[    1.411259] ledtrig-cpu: registered to indicate activity on CPUs
[    1.411401] hidraw: raw HID events driver (C) Jiri Kosina
[    1.411477] usbcore: registered new interface driver usbhid
[    1.411485] usbhid: USB HID core driver
[    1.411668] ashmem: initialized
[    1.412168] vchiq: vchiq_init_state: slot_zero = (ptrval)
[    1.413320] [vc_sm_connected_init]: start
[    1.419473] [vc_sm_connected_init]: end - returning 0
[    1.421359] ipt_CLUSTERIP: ClusterIP Version 0.8 loaded successfully
[    1.421428] Initializing XFRM netlink socket
[    1.421474] NET: Registered protocol family 17
[    1.421517] 8021q: 802.1Q VLAN Support v1.8
[    1.421549] Key type dns_resolver registered
[    1.421789] Registering SWP/SWPB emulation handler
[    1.421975] registered taskstats version 1
[    1.421987] Loading compiled-in X.509 certificates
[    1.422202] Key type ._fscrypt registered
[    1.422210] Key type .fscrypt registered
[    1.426864] uart-pl011 fe201000.serial: cts_event_workaround enabled
[    1.426906] fe201000.serial: ttyAMA0 at MMIO 0xfe201000 (irq = 29, base_baud = 0) is a PL011 rev2
[    1.433462] printk: console [ttyS0] disabled
[    1.433511] fe215040.serial: ttyS0 at MMIO 0x0 (irq = 31, base_baud = 62500000) is a 16550
[    2.767111] printk: console [ttyS0] enabled
[    2.773342] bcm2835-power bcm2835-power: Broadcom BCM2835 power domains driver
[    2.781587] mmc-bcm2835 fe300000.mmcnr: mmc_debug:0 mmc_debug2:0
[    2.787689] mmc-bcm2835 fe300000.mmcnr: DMA channel allocated
[    2.843945] mmc1: queuing unknown CIS tuple 0x80 (2 bytes)
[    2.851149] mmc1: queuing unknown CIS tuple 0x80 (3 bytes)
[    2.858316] mmc1: queuing unknown CIS tuple 0x80 (3 bytes)
[    2.863922] mmc0: SDHCI controller on fe340000.emmc2 [fe340000.emmc2] using ADMA
[    2.873387] of_cfs_init
[    2.875946] of_cfs_init: OK
[    2.887302] Freeing unused kernel memory: 2048K
[    2.892223] Run /init as init process
[    2.897187] mmc1: queuing unknown CIS tuple 0x80 (7 bytes)
[    2.904336] mmc1: queuing unknown CIS tuple 0x80 (3 bytes)
[    2.938762] random: fast init done
[    3.003919] mmc0: new ultra high speed DDR50 SDHC card at address aaaa
[    3.012185] mmcblk0: mmc0:aaaa SC16G 14.8 GiB
[    3.019398] mmc1: new high speed SDIO card at address 0001
[    3.025254]  mmcblk0: p1 p2
[    3.028159] usb 1-1: new high-speed USB device number 2 using xhci_hcd
[    3.220136] usb 1-1: New USB device found, idVendor=2109, idProduct=3431, bcdDevice= 4.21
[    3.228465] usb 1-1: New USB device strings: Mfr=0, Product=1, SerialNumber=0
[    3.235706] usb 1-1: Product: USB2.0 Hub
[    3.241131] hub 1-1:1.0: USB hub found
[    3.245154] hub 1-1:1.0: 4 ports detected
[    3.359863] EXT4-fs (mmcblk0p2): 1 orphan inode deleted
[    3.365175] EXT4-fs (mmcblk0p2): recovery complete
[    3.384144] EXT4-fs (mmcblk0p2): mounted filesystem with ordered data mode. Opts: (null)
[    3.567579] usb 1-1.1: new high-speed USB device number 3 using xhci_hcd
[    3.674564] NET: Registered protocol family 10
[    3.679951] Segment Routing with IPv6
[    3.696192] systemd[1]: systemd 248.3+ running in system mode. (-PAM -AUDIT -SELINUX -APPARMOR +IMA -SMACK -SECCOMP -GCRYPT -GNUTLS -OPENSSL -LFUTILS -FIDO2 -IDN2 -IDN -IPTC +KMOD -LIBCRYPTSETUP +LIBFDISK -PCRE2 -PWQUALITY -P11KIT -QRENCODE -BZIP2 -LZ4 +XZ -ZLIB -ZSTD -XKBCOMMON +UTMP +erarchy=hybrid)
[    3.727075] systemd[1]: Detected architecture arm.
[    3.732282] usb 1-1.1: New USB device found, idVendor=1a40, idProduct=0101, bcdDevice= 1.11
[    3.740775] usb 1-1.1: New USB device strings: Mfr=0, Product=1, SerialNumber=0
[    3.748201] usb 1-1.1: Product: USB 2.0 Hub
[    3.757071] hub 1-1.1:1.0: USB hub found
[    3.761196] hub 1-1.1:1.0: 4 ports detected
[    3.822941] systemd[1]: Hostname set to <raspberrypi4>.
[    3.857897] usb 1-1.2: new high-speed USB device number 4 using xhci_hcd
[    4.070908] usb 1-1.2: New USB device found, idVendor=046d, idProduct=082b, bcdDevice=28.25
[    4.079431] usb 1-1.2: New USB device strings: Mfr=1, Product=2, SerialNumber=0
[    4.086858] usb 1-1.2: Product: Webcam C170
[    4.091120] usb 1-1.2: Manufacturer:
[    4.155305] systemd[1]: /usr/lib/systemd/system/var-volatile-lib.service:13: Standard output type syslog is obsolete, automatically updating tpdate your unit file, and consider removing the setting altogether.
[    4.197537] usb 1-1.1.1: new low-speed USB device number 5 using xhci_hcd
[    4.246083] systemd[1]: Configuration file /usr/lib/systemd/system/lxd.service is marked executable. Please remove executable permission bits.
[    4.337015] systemd[1]: /usr/lib/systemd/system/var-volatile-srv.service:13: Standard output type syslog is obsolete, automatically updating tpdate your unit file, and consider removing the setting altogether.
[    4.361164] systemd[1]: /usr/lib/systemd/system/var-volatile-spool.service:13: Standard output type syslog is obsolete, automatically updating update your unit file, and consider removing the setting altogether.
[    4.385472] systemd[1]: /usr/lib/systemd/system/var-volatile-cache.service:13: Standard output type syslog is obsolete, automatically updating update your unit file, and consider removing the setting altogether.
[    4.410999] systemd[1]: /usr/lib/systemd/system/ostree-remount.service:38: Standard output type syslog is obsolete, automatically updating to ate your unit file, and consider removing the setting altogether.
[    4.431411] systemd[1]: /usr/lib/systemd/system/ostree-remount.service:39: Standard output type syslog+console is obsolete, automatically updasole. Please update your unit file, and consider removing the setting altogether.
[    4.436889] usb 1-1.1.1: New USB device found, idVendor=413c, idProduct=2106, bcdDevice= 1.77
[    4.461861] usb 1-1.1.1: New USB device strings: Mfr=1, Product=2, SerialNumber=0
[    4.469462] usb 1-1.1.1: Product: Dell QuietKey Keyboard
[    4.474848] usb 1-1.1.1: Manufacturer: Dell
[    4.474900] systemd[1]: Queued start job for default target Multi-User System.
[    4.487096] random: systemd: uninitialized urandom read (16 bytes read)
[    4.496188] input: Dell Dell QuietKey Keyboard as /devices/platform/scb/fd500000.pcie/pci0000:00/0000:00:00.0/0000:01:00.0/usb1/1-1/1-1.1/1-1.3:413C:2106.0001/input/input0
[    4.519385] systemd[1]: Created slice system-modprobe.slice.
[    4.525317] random: systemd: uninitialized urandom read (16 bytes read)
[    4.533550] systemd[1]: Created slice system-serial\x2dgetty.slice.
[    4.540021] random: systemd: uninitialized urandom read (16 bytes read)
[    4.548117] systemd[1]: Created slice User and Session Slice.
[    4.554215] systemd[1]: Started Dispatch Password Requests to Console Directory Watch.
[    4.563477] systemd[1]: Started Forward Password Requests to Wall Directory Watch.
[    4.571640] systemd[1]: Reached target Remote File Systems.
[    4.577381] systemd[1]: Reached target Slices.
[    4.577854] hid-generic 0003:413C:2106.0001: input,hidraw0: USB HID v1.10 Keyboard [Dell Dell QuietKey Keyboard] on usb-0000:01:00.0-1.1.1/inp
[    4.582024] systemd[1]: Reached target Swap.
[    4.599595] systemd[1]: Reached target Timers.
[    4.609675] systemd[1]: Listening on Process Core Dump Socket.
[    4.615838] systemd[1]: Listening on initctl Compatibility Named Pipe.
[    4.623046] systemd[1]: Listening on Journal Audit Socket.
[    4.629021] systemd[1]: Listening on Journal Socket (/dev/log).
[    4.635419] systemd[1]: Listening on Journal Socket.
[    4.649143] systemd[1]: Listening on udev Control Socket.
[    4.655107] systemd[1]: Listening on udev Kernel Socket.
[    4.661001] systemd[1]: Listening on User Database Manager Socket.
[    4.667712] systemd[1]: Condition check resulted in Huge Pages File System being skipped.
[    4.680147] systemd[1]: Mounting POSIX Message Queue File System...
[    4.690413] systemd[1]: Mounting Kernel Debug File System...
[    4.699814] systemd[1]: Mounting Kernel Trace File System...
[    4.711735] systemd[1]: Mounting Temporary Directory (/tmp)...
[    4.722835] systemd[1]: Starting Create list of static device nodes for the current kernel...
[    4.735198] systemd[1]: Starting webos - "ls-hubd.service"...
[    4.745275] systemd[1]: Starting Load Kernel Module configfs...
[    4.754482] systemd[1]: Starting Load Kernel Module drm...
[    4.763432] systemd[1]: Starting Load Kernel Module fuse...
[    4.769521] systemd[1]: Condition check resulted in File System Check on Root Device being skipped.
[    4.777538] usb 1-1.3: new low-speed USB device number 6 using xhci_hcd
[    4.781792] fuse: init (API version 7.31)
[    4.792812] systemd[1]: Starting Journal Service...
[    4.810335] systemd[1]: Starting Load Kernel Modules...
[    4.820742] systemd[1]: Starting Remount Root and Kernel File Systems...
[    4.832751] systemd[1]: Starting Coldplug All udev Devices...
[    4.840679] EXT4-fs (mmcblk0p2): re-mounted. Opts: (null)
[    4.850580] systemd[1]: Mounted POSIX Message Queue File System.
[    4.850750] bridge: filtering via arp/ip/ip6tables is no longer available by default. Update your scripts to load br_netfilter if you need thi
[    4.860916] systemd[1]: Mounted Kernel Debug File System.
[    4.875950] systemd[1]: Mounted Kernel Trace File System.
[    4.881923] systemd[1]: Mounted Temporary Directory (/tmp).
[    4.886491] i2c /dev entries driver
[    4.890283] systemd[1]: Finished Create list of static device nodes for the current kernel.
[    4.900469] systemd[1]: modprobe@configfs.service: Deactivated successfully.
[    4.905242] openvswitch: Open vSwitch switching datapath
[    4.909188] systemd[1]: Finished Load Kernel Module configfs.
[    4.919621] systemd[1]: Started Journal Service.
[    4.935857] usb 1-1.3: New USB device found, idVendor=413c, idProduct=2107, bcdDevice= 1.78
[    4.944412] usb 1-1.3: New USB device strings: Mfr=1, Product=2, SerialNumber=0
[    4.951852] usb 1-1.3: Product: Dell USB Entry Keyboard
[    4.957159] usb 1-1.3: Manufacturer: DELL
[    4.973967] mc: Linux media interface: v0.10
[    4.981950] input: DELL Dell USB Entry Keyboard as /devices/platform/scb/fd500000.pcie/pci0000:00/0000:00:00.0/0000:01:00.0/usb1/1-1/1-1.3/1-107.0002/input/input1
[    5.032917] usbcore: registered new interface driver snd-usb-audio
[    5.068185] hid-generic 0003:413C:2107.0002: input,hidraw1: USB HID v1.10 Keyboard [DELL Dell USB Entry Keyboard] on usb-0000:01:00.0-1.3/inpu
[    5.092941] videodev: Linux video capture interface: v2.00
[    5.110421] systemd-journald[200]: Received client request to flush runtime journal.
[    5.127561] usb 1-1.1.2: new low-speed USB device number 7 using xhci_hcd
[    5.153376] uvcvideo: Found UVC 1.00 device Webcam C170 (046d:082b)
[    5.182214] uvcvideo 1-1.2:1.0: Entity type for entity Processing 2 was not initialized!
[    5.190694] uvcvideo 1-1.2:1.0: Entity type for entity Extension 6 was not initialized!
[    5.198976] uvcvideo 1-1.2:1.0: Entity type for entity Camera 1 was not initialized!
[    5.207357] input: Webcam C170: Webcam C170 as /devices/platform/scb/fd500000.pcie/pci0000:00/0000:00:00.0/0000:01:00.0/usb1/1-1/1-1.2/1-1.2:1
[    5.222421] usbcore: registered new interface driver uvcvideo
[    5.228320] USB Video Class driver (1.1.1)
[    5.297176] vc4-drm gpu: bound fe600000.firmwarekms (ops vc4_fkms_ops [vc4])
[    5.304402] checking generic (3e402000 7f8000) vs hw (0 ffffffffffffffff)
[    5.304409] fb0: switching to vc4drmfb from simple
[    5.310218] Console: switching to colour dummy device 80x30
[    5.316310] [drm] Supports vblank timestamp caching Rev 2 (21.10.2013).
[    5.323067] [drm] No driver support for vblank timestamp query.
[    5.329124] [drm] Setting vblank_disable_immediate to false because get_vblank_timestamp == NULL
[    5.340475] [drm] Initialized vc4 0.0.0 20140616 for gpu on minor 0
[    5.374540] usb 1-1.1.2: New USB device found, idVendor=0461, idProduct=4d81, bcdDevice= 2.00
[    5.383389] usb 1-1.1.2: New USB device strings: Mfr=0, Product=2, SerialNumber=0
[    5.391011] usb 1-1.1.2: Product: USB Optical Mouse
[    5.391348] snd_bcm2835: module is from the staging directory, the quality is unknown, you have been warned.
[    5.417462] vc_sm_cma: module is from the staging directory, the quality is unknown, you have been warned.
[    5.417908] input: USB Optical Mouse as /devices/platform/scb/fd500000.pcie/pci0000:00/0000:00:00.0/0000:01:00.0/usb1/1-1/1-1.1/1-1.1.2/1-1.1.1.0003/input/input3
[    5.418688] hid-generic 0003:0461:4D81.0003: input,hidraw2: USB HID v1.11 Mouse [USB Optical Mouse] on usb-0000:01:00.0-1.1.2/input0
[    5.419501] bcm2835_vc_sm_cma_probe: Videocore shared memory driver
[    5.419512] [vc_sm_connected_init]: start
[    5.419612] vc_sm_cma: module is from the staging directory, the quality is unknown, you have been warned.
[    5.422273] vc_sm_cma: module is from the staging directory, the quality is unknown, you have been warned.
[    5.423918] [vc_sm_connected_init]: installed successfully
[    5.428557] bcm2835_mmal_vchiq: module is from the staging directory, the quality is unknown, you have been warned.
[    5.429199] bcm2835_mmal_vchiq: module is from the staging directory, the quality is unknown, you have been warned.
[    5.460988] bcm2835_v4l2: module is from the staging directory, the quality is unknown, you have been warned.
[    5.467560] usb 1-1.4: new low-speed USB device number 8 using xhci_hcd
[    5.474431] bcm2835_codec: module is from the staging directory, the quality is unknown, you have been warned.
[    5.484471] bcm2835-codec bcm2835-codec: Device registered as /dev/video10
[    5.484498] bcm2835-codec bcm2835-codec: Loaded V4L2 decode
[    5.493267] bcm2835-codec bcm2835-codec: Device registered as /dev/video11
[    5.493287] bcm2835-codec bcm2835-codec: Loaded V4L2 encode
[    5.499192] : bcm2835_codec_get_supported_fmts: port has more encoding than we provided space for. Some are dropped.
[    5.499697] bcm2835-codec bcm2835-codec: Device registered as /dev/video12
[    5.499726] bcm2835-codec bcm2835-codec: Loaded V4L2 isp
[    5.566906] bcm2835_audio bcm2835_audio: card created with 4 channels
[    5.571296] [drm] Initialized v3d 1.0.0 20180419 for fec00000.v3d on minor 1
[    5.586749] bcm2835_audio bcm2835_audio: card created with 4 channels
[    5.597096] Console: switching to colour frame buffer device 240x67
[    5.606319] usb 1-1.4: New USB device found, idVendor=413c, idProduct=301a, bcdDevice= 1.00
[    5.606328] usb 1-1.4: New USB device strings: Mfr=1, Product=2, SerialNumber=0
[    5.606335] usb 1-1.4: Product: Dell MS116 USB Optical Mouse
[    5.606342] usb 1-1.4: Manufacturer: PixArt
[    5.610208] cfg80211: Loading compiled-in X.509 certificates for regulatory database
[    5.615700] input: PixArt Dell MS116 USB Optical Mouse as /devices/platform/scb/fd500000.pcie/pci0000:00/0000:00:00.0/0000:01:00.0/usb1/1-1/1-413C:301A.0004/input/input4
[    5.623996] vc4-drm gpu: fb0: vc4drmfb frame buffer device
[    5.630342] FAT-fs (mmcblk0p1): Volume was not properly unmounted. Some data may be corrupt. Please run fsck.
[    5.647066] hid-generic 0003:413C:301A.0004: input,hidraw3: USB HID v1.11 Mouse [PixArt Dell MS116 USB Optical Mouse] on usb-0000:01:00.0-1.4/
[    5.681128] cfg80211: Loaded X.509 cert 'sforshee: 00b28ddf47aef9cea7'
[    5.807588] usb 1-1.1.4: new high-speed USB device number 9 using xhci_hcd
[    5.859975] brcmfmac: F1 signature read @0x18000000=0x15264345
[    5.927216] uart-pl011 fe201000.serial: no DMA platform data
[    5.935020] brcmfmac: brcmf_fw_alloc_request: using brcm/brcmfmac43455-sdio for chip BCM4345/6
[    5.938015] proc: Bad value for 'hidepid'
[    5.944401] usbcore: registered new interface driver brcmfmac
[    6.046997] Bluetooth: Core ver 2.22
[    6.057636] NET: Registered protocol family 31
[    6.062158] Bluetooth: HCI device and connection manager initialized
[    6.064361] audit: type=1325 audit(6.049:2): table=filter family=2 entries=4
[    6.073743] Bluetooth: HCI socket layer initialized
[    6.076073] audit: type=1325 audit(6.059:3): table=filter family=2 entries=5
[    6.080851] Bluetooth: L2CAP socket layer initialized
[    6.089915] audit: type=1325 audit(6.079:4): table=filter family=2 entries=6
[    6.100586] audit: type=1325 audit(6.079:5): table=filter family=2 entries=7
[    6.101716] usb 1-1.1.4: config 1 interface 0 altsetting 0 bulk endpoint 0x81 has invalid maxpacket 64
[    6.117195] usb 1-1.1.4: config 1 interface 0 altsetting 0 bulk endpoint 0x1 has invalid maxpacket 64
[    6.117597] Bluetooth: SCO socket layer initialized
[    6.131643] audit: type=1325 audit(6.109:6): table=filter family=2 entries=8
[    6.135152] usb 1-1.1.4: New USB device found, idVendor=03e7, idProduct=2150, bcdDevice= 0.01
[    6.139226] audit: type=1325 audit(6.119:7): table=filter family=2 entries=9
[    6.147508] usb 1-1.1.4: New USB device strings: Mfr=1, Product=2, SerialNumber=3
[    6.147516] usb 1-1.1.4: Product: Movidius MA2X5X
[    6.160865] audit: type=1325 audit(6.149:8): table=nat family=2 entries=5
[    6.162274] usb 1-1.1.4: Manufacturer: Movidius Ltd.
[    6.178988] usb 1-1.1.4: SerialNumber: 03e72150
[    6.193217] audit: type=1325 audit(6.179:9): table=mangle family=2 entries=6
[    6.272467] brcmfmac: brcmf_fw_alloc_request: using brcm/brcmfmac43455-sdio for chip BCM4345/6
[    6.294227] brcmfmac: brcmf_c_preinit_dcmds: Firmware: BCM4345/6 wl0: Mar 23 2020 02:19:54 version 7.45.206 (r725000 CY) FWID 01-88ee44ea
[    6.337467] audit: type=1325 audit(6.319:10): table=filter family=2 entries=10
[    6.354124] audit: type=1325 audit(6.339:11): table=filter family=2 entries=9
[    6.857526] random: crng init done
[    6.860982] random: 7 urandom warning(s) missed due to ratelimiting
[    8.581257] ls-hubd (196): /proc/487/oom_adj is deprecated, please use /proc/487/oom_score_adj instead.
[   10.530307] lxdbr0: port 1(vetha2de0df3) entered blocking state
[   10.536338] lxdbr0: port 1(vetha2de0df3) entered disabled state
[   10.542942] device vetha2de0df3 entered promiscuous mode
[   11.080805] cgroup: cgroup: disabling cgroup2 socket matching due to net_prio or net_cls activation
[   11.234923] eth0: renamed from vethea6bbcb4
[   11.298754] IPv6: ADDRCONF(NETDEV_CHANGE): eth0: link becomes ready
[   11.306477] lxdbr0: port 1(vetha2de0df3) entered blocking state
[   11.312524] lxdbr0: port 1(vetha2de0df3) entered forwarding state
[   11.322979] IPv6: ADDRCONF(NETDEV_CHANGE): lxdbr0: link becomes ready
[   11.540109] lxdbr0: port 2(vethed757569) entered blocking state
[   11.546158] lxdbr0: port 2(vethed757569) entered disabled state
[   11.553285] device vethed757569 entered promiscuous mode
[   11.558813] kauditd_printk_skb: 33 callbacks suppressed
[   11.558817] audit: type=1700 audit(11.529:45): dev=vethed757569 prom=256 old_prom=0 auid=4294967295 uid=0 gid=0 ses=4294967295
[   12.110393] eth0: renamed from vethbb6e5e3b
[   12.168097] IPv6: ADDRCONF(NETDEV_CHANGE): eth0: link becomes ready
[   12.176003] lxdbr0: port 2(vethed757569) entered blocking state
[   12.182069] lxdbr0: port 2(vethed757569) entered forwarding state
[   12.372382] lxdbr0: port 3(veth27c661e9) entered blocking state
[   12.378423] lxdbr0: port 3(veth27c661e9) entered disabled state
[   12.385121] device veth27c661e9 entered promiscuous mode
[   12.391030] audit: type=1700 audit(12.359:46): dev=veth27c661e9 prom=256 old_prom=0 auid=4294967295 uid=0 gid=0 ses=4294967295
[   12.391033] lxdbr0: port 3(veth27c661e9) entered blocking state
[   12.391039] lxdbr0: port 3(veth27c661e9) entered forwarding state
[   12.467631] lxdbr0: port 3(veth27c661e9) entered disabled state
[   12.574623] Bluetooth: HCI UART driver ver 2.3
[   12.579336] Bluetooth: HCI UART protocol H4 registered
[   12.584618] Bluetooth: HCI UART protocol Three-wire (H5) registered
[   12.591202] Bluetooth: HCI UART protocol Broadcom registered
[   12.641084] usbcore: registered new interface driver btusb
[   12.943982] Bluetooth: BNEP (Ethernet Emulation) ver 1.3
[   12.949416] Bluetooth: BNEP filters: protocol multicast
[   12.954773] Bluetooth: BNEP socket layer initialized
[   13.033240] proc: Bad value for 'hidepid'
[   13.117654] Bluetooth: RFCOMM TTY layer initialized
[   13.122618] Bluetooth: RFCOMM socket layer initialized
[   13.127959] Bluetooth: RFCOMM ver 1.11
[   13.650960] eth0: renamed from vethb8d17a54
[   13.690040] IPv6: ADDRCONF(NETDEV_CHANGE): eth0: link becomes ready
[   13.697941] lxdbr0: port 3(veth27c661e9) entered blocking state
[   13.703962] lxdbr0: port 3(veth27c661e9) entered forwarding state
[   14.328316] input: Virtual touch as /devices/virtual/input/input5
[   14.526112] $[bt_time] execute main
[   14.841825] lxdbr0: port 3(veth27c661e9) entered disabled state
[   14.851581] lxdbr0: port 2(vethed757569) entered disabled state
[   14.857667] lxdbr0: port 1(vetha2de0df3) entered disabled state
[   15.019343] audit: type=1325 audit(15.009:47): table=filter family=2 entries=12
[   15.058154] audit: type=1325 audit(15.039:48): table=mangle family=2 entries=7
[   15.084032] audit: type=1325 audit(15.069:49): table=nat family=2 entries=6
[   15.197592] bcmgenet: Skipping UMAC reset
[   15.227827] bcmgenet fd580000.ethernet: configuring instance for external RGMII
[   15.235487] bcmgenet fd580000.ethernet eth0: Link is Down
[   15.280762] usb 1-1.2: reset high-speed USB device number 4 using xhci_hcd
[   15.601810] brcmfmac: brcmf_cfg80211_set_power_mgmt: power save enabled
[   15.735218] ieee80211 phy0: brcmf_cfg80211_get_station: GET STA INFO failed, -52
[   15.814987] ieee80211 phy0: brcmf_cfg80211_get_station: GET STA INFO failed, -52
[   15.899263] debugfs: File 'le_min_key_size' in directory 'hci0' already present!
[   15.906810] debugfs: File 'le_max_key_size' in directory 'hci0' already present!
[   15.984087] \xdc\xc2\xb9\xbe
                               Get BTUSB_READY 15.976 PerfType:WBS PerfGroup:bt_ready
[   16.018289] 27:eb:a0:73:94) state has changed to powered[bt_time] mPowered is true
[   16.340847] input: Virtual touch as /devices/virtual/input/input6
[   17.194000] zram0: detected capacity change from 0 to 772800512
[   17.497828] Adding 754684k swap on /dev/zram0.  Priority:-2 extents:1 across:754684k SSDscFS
[   18.051996] rpivid-mem feb00000.hevc-decoder: rpivid-hevcmem initialised: Registers at 0xfeb00000 length 0x00010000
[   18.065398] rpivid-mem feb10000.rpivid-local-intc: rpivid-intcmem initialised: Registers at 0xfeb10000 length 0x00001000
[   18.080689] rpivid-mem feb20000.h264-decoder: rpivid-h264mem initialised: Registers at 0xfeb20000 length 0x00010000
[   18.100709] rpivid-mem feb30000.vp9-decoder: rpivid-vp9mem initialised: Registers at 0xfeb30000 length 0x00010000
[   18.399254] bcmgenet fd580000.ethernet eth0: Link is Up - 100Mbps/Full - flow control rx/tx
[   18.408306] IPv6: ADDRCONF(NETDEV_CHANGE): eth0: link becomes ready
[   19.455372] usbcore: registered new interface driver cdc_ether
[   21.115711] IPv6: ADDRCONF(NETDEV_CHANGE): wlan0: link becomes ready
[   78.283624] IPv4: martian source 10.221.40.122 from 10.221.40.3, on dev eth0
[   78.290826] ll header: 00000000: e4 5f 01 21 f2 67 a8 9d 21 69 d6 40 08 00
[   78.298049] IPv4: martian source 10.221.40.122 from 10.221.40.2, on dev eth0
[   78.305228] ll header: 00000000: e4 5f 01 21 f2 67 c0 62 6b e2 90 00 08 00
[   78.349401] IPv4: martian source 10.221.40.122 from 10.221.40.2, on dev eth0
[   78.356563] ll header: 00000000: e4 5f 01 21 f2 67 c0 62 6b e2 90 00 08 00
[   78.363682] IPv4: martian source 10.221.40.122 from 10.221.40.3, on dev eth0
[   78.370871] ll header: 00000000: e4 5f 01 21 f2 67 a8 9d 21 69 d6 40 08 00
[  104.644913] IPv4: martian source 10.221.40.122 from 10.221.40.2, on dev eth0
[  104.652125] ll header: 00000000: e4 5f 01 21 f2 67 c0 62 6b e2 90 00 08 00
[  104.659453] IPv4: martian source 10.221.40.122 from 10.221.40.3, on dev eth0
[  104.666642] ll header: 00000000: e4 5f 01 21 f2 67 a8 9d 21 69 d6 40 08 00
[  104.735114] IPv4: martian source 10.221.40.122 from 10.221.40.2, on dev eth0
[  104.742315] ll header: 00000000: e4 5f 01 21 f2 67 c0 62 6b e2 90 00 08 00
[  104.750239] IPv4: martian source 10.221.40.122 from 10.221.40.3, on dev eth0
[  104.757423] ll header: 00000000: e4 5f 01 21 f2 67 a8 9d 21 69 d6 40 08 00
[  108.130541] IPv4: martian source 10.221.40.122 from 10.221.40.3, on dev eth0
[  108.137730] ll header: 00000000: e4 5f 01 21 f2 67 a8 9d 21 69 d6 40 08 00
[  108.144784] IPv4: martian source 10.221.40.122 from 10.221.40.2, on dev eth0
[  108.151960] ll header: 00000000: e4 5f 01 21 f2 67 c0 62 6b e2 90 00 08 00
[  108.195664] IPv4: martian source 10.221.40.122 from 10.221.40.3, on dev eth0
[  108.202869] ll header: 00000000: e4 5f 01 21 f2 67 a8 9d 21 69 d6 40 08 00
[  108.210004] IPv4: martian source 10.221.40.122 from 10.221.40.2, on dev eth0
[  108.217199] ll header: 00000000: e4 5f 01 21 f2 67 c0 62 6b e2 90 00 08 00
[  109.051771] IPv4: martian source 10.221.40.122 from 10.221.40.3, on dev eth0
[  109.058958] ll header: 00000000: e4 5f 01 21 f2 67 a8 9d 21 69 d6 40 08 00
[  109.066020] IPv4: martian source 10.221.40.122 from 10.221.40.2, on dev eth0
[  109.073193] ll header: 00000000: e4 5f 01 21 f2 67 c0 62 6b e2 90 00 08 00
[  109.651936] net_ratelimit: 18 callbacks suppressed
[  109.651957] IPv4: martian source 10.221.40.122 from 10.221.40.3, on dev eth0
[  109.664206] ll header: 00000000: e4 5f 01 21 f2 67 a8 9d 21 69 d6 40 08 00
[  109.671398] IPv4: martian source 192.168.29.1 from 192.168.29.22, on dev eth0
[  109.678701] ll header: 00000000: ff ff ff ff ff ff 3c 2c 30 a9 28 a6 08 06
[  109.685907] IPv4: martian source 10.221.40.122 from 82.165.8.211, on dev eth0
[  109.693201] ll header: 00000000: e4 5f 01 21 f2 67 c0 62 6b e2 90 00 08 00
[  110.301762] IPv4: martian source 10.221.40.122 from 10.221.40.3, on dev eth0
[  110.308950] ll header: 00000000: e4 5f 01 21 f2 67 a8 9d 21 69 d6 40 08 00
[  110.316014] IPv4: martian source 10.221.40.122 from 10.221.40.2, on dev eth0
[  110.323192] ll header: 00000000: e4 5f 01 21 f2 67 c0 62 6b e2 90 00 08 00
[  110.330260] IPv4: martian source 10.221.40.1 from 10.221.40.123, on dev eth0
[  110.337410] ll header: 00000000: ff ff ff ff ff ff 3c 2c 30 a9 28 a6 08 06
[  110.367836] IPv4: martian source 10.221.40.122 from 10.221.40.2, on dev eth0
[  110.375013] ll header: 00000000: e4 5f 01 21 f2 67 c0 62 6b e2 90 00 08 00
[  110.382126] IPv4: martian source 10.221.40.122 from 10.221.40.3, on dev eth0
[  110.389319] ll header: 00000000: e4 5f 01 21 f2 67 a8 9d 21 69 d6 40 08 00
[  110.405334] IPv4: martian source 10.221.40.1 from 10.221.40.123, on dev eth0
[  110.412497] ll header: 00000000: ff ff ff ff ff ff 3c 2c 30 a9 28 a6 08 06
[  110.650494] IPv4: martian source 10.221.40.122 from 10.221.40.2, on dev eth0
[  110.657661] ll header: 00000000: e4 5f 01 21 f2 67 c0 62 6b e2 90 00 08 00
[  111.997631] bcmgenet fd580000.ethernet eth0: Link is Down
[  112.510100] v3d fec00000.v3d: MMU error from client L2T (0) at 0x115c1000, pte invalid
[  118.424022] net_ratelimit: 12 callbacks suppressed
[  118.424030] IPv4: martian source 10.221.40.255 from 10.221.40.137, on dev eth0
[  118.436253] ll header: 00000000: ff ff ff ff ff ff fc 4d d4 f3 34 4e 08 00
[  120.050585] IPv4: martian source 10.221.40.122 from 82.165.8.211, on dev eth0
[  120.057848] ll header: 00000000: e4 5f 01 21 f2 67 c0 62 6b e2 90 00 08 00
[  120.317679] bcmgenet fd580000.ethernet eth0: Link is Up - 100Mbps/Full - flow control rx/tx
[  120.326226] IPv6: ADDRCONF(NETDEV_CHANGE): eth0: link becomes ready
[  121.357587] bcmgenet fd580000.ethernet eth0: Link is Down
[  127.433891] IPv4: martian source 10.221.40.255 from 10.221.40.137, on dev eth0
[  127.441253] ll header: 00000000: ff ff ff ff ff ff fc 4d d4 f3 34 4e 08 00
[  127.597750] bcmgenet fd580000.ethernet eth0: Link is Up - 100Mbps/Full - flow control rx/tx
[  127.606358] IPv6: ADDRCONF(NETDEV_CHANGE): eth0: link becomes ready
[  127.623166] IPv4: martian source 10.221.40.122 from 10.221.40.2, on dev eth0
[  127.630392] ll header: 00000000: e4 5f 01 21 f2 67 c0 62 6b e2 90 00 08 00
[  127.637691] IPv4: martian source 10.221.40.122 from 10.221.40.3, on dev eth0
[  127.644888] ll header: 00000000: e4 5f 01 21 f2 67 a8 9d 21 69 d6 40 08 00
[  127.710400] IPv4: martian source 10.221.40.122 from 10.221.40.3, on dev eth0
[  127.717603] ll header: 00000000: e4 5f 01 21 f2 67 a8 9d 21 69 d6 40 08 00
[  127.724817] IPv4: martian source 10.221.40.122 from 10.221.40.2, on dev eth0
[  127.732048] ll header: 00000000: e4 5f 01 21 f2 67 c0 62 6b e2 90 00 08 00
[  145.453833] IPv4: martian source 10.221.40.255 from 10.221.40.137, on dev eth0
[  145.461217] ll header: 00000000: ff ff ff ff ff ff fc 4d d4 f3 34 4e 08 00
[  145.468375] IPv4: martian source 10.221.40.122 from 10.221.40.3, on dev eth0
[  145.475536] ll header: 00000000: e4 5f 01 21 f2 67 a8 9d 21 69 d6 40 08 00
[  145.482640] IPv4: martian source 10.221.40.122 from 10.221.40.2, on dev eth0
[  145.489821] ll header: 00000000: e4 5f 01 21 f2 67 c0 62 6b e2 90 00 08 00
[  145.526571] IPv4: martian source 10.221.40.122 from 10.221.40.2, on dev eth0
[  145.533751] ll header: 00000000: e4 5f 01 21 f2 67 c0 62 6b e2 90 00 08 00
[  145.540858] IPv4: martian source 10.221.40.122 from 10.221.40.3, on dev eth0
[  145.548036] ll header: 00000000: e4 5f 01 21 f2 67 a8 9d 21 69 d6 40 08 00
[ 2621.585079] IPv6: ADDRCONF(NETDEV_CHANGE): veth5ad4e755: link becomes ready
[ 2621.592390] IPv6: ADDRCONF(NETDEV_CHANGE): vethf902ba2a: link becomes ready
[ 2621.670387] lxdbr0: port 4(veth5ad4e755) entered blocking state
[ 2621.676399] lxdbr0: port 4(veth5ad4e755) entered disabled state
[ 2621.682843] device veth5ad4e755 entered promiscuous mode
[ 2621.688716] audit: type=1700 audit(1639377098.179:50): dev=veth5ad4e755 prom=256 old_prom=0 auid=4294967295 uid=0 gid=0 ses=4294967295
[ 2622.249536] eth0: renamed from vethf902ba2a
root@raspberrypi4:/var/rootdirs/home/root# dmesg | grep Movi*
root@raspberrypi4:/var/rootdirs/home/root# ls
Subscriber.js
Subscriber_new.js
client_secret_405578401357-2m5t0hhmpm05o3fjof15792nlidie0rj.apps.googleusercontent.com.json
com.lg.app.signage_0.0.2_all.ipk
com.lg.app.signage_0.0.3_all.ipk
config
log.txt
node_modules
package-lock.json
socat-armel-static
testApi
utile.js
root@raspberrypi4:/var/rootdirs/home/root# cd ../..
root@raspberrypi4:/var/rootdirs# ls
home   media  mnt    opt    srv
root@raspberrypi4:/var/rootdirs# cd ..
root@raspberrypi4:/var# ls
PMS                  gadget               log                  rootdirs             tmp
cache                home                 luna                 run                  usrlocal
cim                  lib                  luna-service2        settingsservice.ver  volatile
db                   local                palm                 sota
file-cache           lock                 preferences          spool
root@raspberrypi4:/var# cd lib/lxd/containers/
root@raspberrypi4:/var/lib/lxd/containers# ls
cam1           face-13        face1          face2          facenet-alpha
root@raspberrypi4:/var/lib/lxd/containers# cd face-13/
root@raspberrypi4:/var/lib/lxd/containers/face-13# ls
backup.yaml    metadata.yaml  rootfs         templates
root@raspberrypi4:/var/lib/lxd/containers/face-13# cd rootfs/
root@raspberrypi4:/var/lib/lxd/containers/face-13/rootfs# ls
bin      dev      home     linuxrc  mnt      proc     sbin     sysroot  usr
boot     etc      lib      media    opt      run      sys      tmp      var
root@raspberrypi4:/var/lib/lxd/containers/face-13/rootfs# cd dev
root@raspberrypi4:/var/lib/lxd/containers/face-13/rootfs/dev# ls
root@raspberrypi4:/var/lib/lxd/containers/face-13/rootfs/dev# mkdir bus
root@raspberrypi4:/var/lib/lxd/containers/face-13/rootfs/dev# cd bus
root@raspberrypi4:/var/lib/lxd/containers/face-13/rootfs/dev/bus# mkdir usb
root@raspberrypi4:/var/lib/lxd/containers/face-13/rootfs/dev/bus# cd usb
root@raspberrypi4:/var/lib/lxd/containers/face-13/rootfs/dev/bus/usb# pwd
/var/lib/lxd/containers/face-13/rootfs/dev/bus/usb
root@raspberrypi4:/var/lib/lxd/containers/face-13/rootfs/dev/bus/usb# cd ../../../../../
root@raspberrypi4:/var/lib/lxd/containers# lxc config device add face-13 Movidius usb source=/dev/bus/usb path=/var/lib/
lxd/containers/face-13/rootfs/dev/bus/usb
Error: Invalid devices: Device validation failed for "Movidius": Invalid device option "path"
root@raspberrypi4:/var/lib/lxd/containers# cd /dev/bus/usb
root@raspberrypi4:/dev/bus/usb# ls
001  002
root@raspberrypi4:/dev/bus/usb# lxc config device add face-13 Movidius usb source=/dev/bus/usb path=/var/lib/lxd/contain
ers/face-13/rootfs/dev/bus/usb
Error: Invalid devices: Device validation failed for "Movidius": Invalid device option "source"
root@raspberrypi4:/dev/bus/usb# ls
001  002
root@raspberrypi4:/dev/bus/usb# cd 001
root@raspberrypi4:/dev/bus/usb/001# ls
001  002  003  004  005  006  007  008  009
root@raspberrypi4:/dev/bus/usb/001# cd 001
-sh: cd: can't cd to 001: Not a directory
root@raspberrypi4:/dev/bus/usb/001# ls
001  002  003  004  005  006  007  008  009
root@raspberrypi4:/dev/bus/usb/001# cd 001
-sh: cd: can't cd to 001: Not a directory
root@raspberrypi4:/dev/bus/usb/001# ls
001  002  003  004  005  006  007  008  009
root@raspberrypi4:/dev/bus/usb/001# cd /var/dev
-sh: cd: can't cd to /var/dev: No such file or directory
root@raspberrypi4:/dev/bus/usb/001# ls
001  002  003  004  005  006  007  008  009
root@raspberrypi4:/dev/bus/usb/001# cd /dev
root@raspberrypi4:/dev# ls
ashmem           log              ram13            tty              tty33            tty59            vcsa3
autofs           loop-control     ram14            tty0             tty34            tty6             vcsa4
binder           loop0            ram15            tty1             tty35            tty60            vcsa5
block            loop1            ram2             tty10            tty36            tty61            vcsa6
bus              loop2            ram3             tty11            tty37            tty62            vcsm
cachefiles       loop3            ram4             tty12            tty38            tty63            vcsm-cma
char             loop4            ram5             tty13            tty39            tty7             vcsu
console          loop5            ram6             tty14            tty4             tty8             vcsu1
cpu_dma_latency  loop6            ram7             tty15            tty40            tty9             vcsu2
disk             loop7            ram8             tty16            tty41            ttyAMA0          vcsu3
dma_heap         mapper           ram9             tty17            tty42            ttyS0            vcsu4
dri              media0           random           tty18            tty43            ttyprintk        vcsu5
fb0              media1           raw              tty19            tty44            uinput           vcsu6
fd               mem              rfkill           tty2             tty45            urandom          vga_arbiter
full             mmcblk0          rpivid-h264mem   tty20            tty46            v4l              video0
fuse             mmcblk0p1        rpivid-hevcmem   tty21            tty47            vc-mem           video1
gpiochip0        mmcblk0p2        rpivid-intcmem   tty22            tty48            vchiq            video10
gpiochip1        mqueue           rpivid-vp9mem    tty23            tty49            vcio             video11
gpiomem          net              serial0          tty24            tty5             vcs              video12
hidraw0          null             serial1          tty25            tty50            vcs1             watchdog
hidraw1          port             shm              tty26            tty51            vcs2             watchdog0
hidraw2          ptmx             snapshot         tty27            tty52            vcs3             zero
hidraw3          pts              snd              tty28            tty53            vcs4             zram0
hwrng            ram0             spidev0.0        tty29            tty54            vcs5
i2c-1            ram1             spidev0.1        tty3             tty55            vcs6
initctl          ram10            stderr           tty30            tty56            vcsa
input            ram11            stdin            tty31            tty57            vcsa1
kmsg             ram12            stdout           tty32            tty58            vcsa2
root@raspberrypi4:/dev# lsusb
Bus 001 Device 007: ID 0461:4d81
Bus 001 Device 001: ID 1d6b:0002
Bus 001 Device 006: ID 413c:2107
Bus 001 Device 003: ID 1a40:0101
Bus 001 Device 002: ID 2109:3431
Bus 001 Device 005: ID 413c:2106
Bus 002 Device 001: ID 1d6b:0003
Bus 001 Device 008: ID 413c:301a
Bus 001 Device 004: ID 046d:082b
Bus 001 Device 009: ID 03e7:2150
root@raspberrypi4:/dev# lxc config device add face-13 Movidius usb source=/dev/bus/usb path=/var/lib/lxd/containers/face
-13/rootfs/dev/bus/usb
Error: Invalid devices: Device validation failed for "Movidius": Invalid device option "path"
root@raspberrypi4:/dev# lxc config device add face-13 Movidius usb /dev/bus/usb /var/lib/lxd/containers/face-13/rootfs/d
ev/bus/usb
Error: No value found in "/dev/bus/usb"
root@raspberrypi4:/dev# lxc config device add face-13 Movidius usb source=/dev/bus/usb path=/var/lib/lxd/containers/face
-13/rootfs/dev/bus/usb
Error: Invalid devices: Device validation failed for "Movidius": Invalid device option "source"
root@raspberrypi4:/dev# lxc config device add face-13 Movidius usb source=/dev/bus/usb path=/dev/bus/usb
Error: Invalid devices: Device validation failed for "Movidius": Invalid device option "source"
root@raspberrypi4:/dev# cd /dev/bus/usb/
root@raspberrypi4:/dev/bus/usb# ls
001  002
root@raspberrypi4:/dev/bus/usb# lxc config device add face-13 Movidius usb source=/dev/bus/usb path=/var/lib/lxd/contain
ers/face-13/rootfsdev/bus/usb^C
root@raspberrypi4:/dev/bus/usb# lxc config device add face-13 Movidius usb source=/dev/bus/usb path=/dev/bus/usb
Error: Invalid devices: Device validation failed for "Movidius": Invalid device option "source"
root@raspberrypi4:/dev/bus/usb# lxc config device add face-13 Movidius usb source=/dev/bus/usb/001 path=/dev/bus/usb
Error: Invalid devices: Device validation failed for "Movidius": Invalid device option "path"
root@raspberrypi4:/dev/bus/usb# lxc config device add face-13 Movidius usb source=/dev/bus/usb/001 path=/dev/bus
Error: Invalid devices: Device validation failed for "Movidius": Invalid device option "path"
root@raspberrypi4:/dev/bus/usb# lxc config device add face-13 Movidius usb source=/dev/bus/usb/001 path=/dev
Error: Invalid devices: Device validation failed for "Movidius": Invalid device option "path"
root@raspberrypi4:/dev/bus/usb# lxc config device add face-13 Movidius usb source=/dev/bus/usb/001 path=/
Error: Invalid devices: Device validation failed for "Movidius": Invalid device option "path"
root@raspberrypi4:/dev/bus/usb# lxc config device add face-13 Movidius usb source=/dev/bus/usb/001 path=
Error: Invalid devices: Device validation failed for "Movidius": Invalid device option "source"
root@raspberrypi4:/dev/bus/usb# lxc config device add face-13 Movidius usb source=/dev/bus/usb/001 path=/var
Error: Invalid devices: Device validation failed for "Movidius": Invalid device option "path"
root@raspberrypi4:/dev/bus/usb# lxc config device add face-13 Movidius usb source=/dev/bus/usb/001 path=/dev/bus/usb/001

Error: Invalid devices: Device validation failed for "Movidius": Invalid device option "path"
root@raspberrypi4:/dev/bus/usb# lxc config device add face-13 Movidius usb source=/dev/bus/usb/001 path=/dev/bus/usb/001
 ^C
root@raspberrypi4:/dev/bus/usb# lxc list
+---------------+---------+------+------+-----------+-----------+
|     NAME      |  STATE  | IPV4 | IPV6 |   TYPE    | SNAPSHOTS |
+---------------+---------+------+------+-----------+-----------+
| cam1          | RUNNING |      |      | CONTAINER | 0         |
+---------------+---------+------+------+-----------+-----------+
| face1         | STOPPED |      |      | CONTAINER | 0         |
+---------------+---------+------+------+-----------+-----------+
| face2         | RUNNING |      |      | CONTAINER | 0         |
+---------------+---------+------+------+-----------+-----------+
| face-13       | RUNNING |      |      | CONTAINER | 0         |
+---------------+---------+------+------+-----------+-----------+
| facenet-alpha | RUNNING |      |      | CONTAINER | 0         |
+---------------+---------+------+------+-----------+-----------+
root@raspberrypi4:/dev/bus/usb# lxc exec face-13 -- bash
/ # cd /var/
/var # cd
bash: cd: can't cd to /root: No such file or directory
/var # exit
root@raspberrypi4:/dev/bus/usb#
root@raspberrypi4:/dev/bus/usb#
root@raspberrypi4:/dev/bus/usb#
root@raspberrypi4:/dev/bus/usb#
root@raspberrypi4:/dev/bus/usb# lxc config set face-13 security.privileged true
root@raspberrypi4:/dev/bus/usb#
root@raspberrypi4:/dev/bus/usb#
root@raspberrypi4:/dev/bus/usb# lxc config device add face-13 Movidius usb source=/dev/bus/usb/001 path=/dev/bus/usb/001

Error: Invalid devices: Device validation failed for "Movidius": Invalid device option "path"
root@raspberrypi4:/dev/bus/usb# lxc config device add face-13 Movidius usb source=/dev/bus/usb/001/ path=/dev/bus/usb/00
1/
Error: Invalid devices: Device validation failed for "Movidius": Invalid device option "source"
root@raspberrypi4:/dev/bus/usb# lxc config device add face-13 Movidius usb source=/dev/bus/usb/001 path=/dev/bus/usb/001
/
Error: Invalid devices: Device validation failed for "Movidius": Invalid device option "path"
root@raspberrypi4:/dev/bus/usb# lxc config device add face-13 Movidius usb source=/dev/bus/usb/001 path=/dev/bus/usb/001

Error: Invalid devices: Device validation failed for "Movidius": Invalid device option "source"
root@raspberrypi4:/dev/bus/usb# lxc config device add face-13 Movidius usb source=/dev/bus/usb/001/ path=/dev/bus/usb/00
1/
Error: Invalid devices: Device validation failed for "Movidius": Invalid device option "path"
root@raspberrypi4:/dev/bus/usb# lxc config device add face-13 movidius usb source=/dev/bus/usb/001/ path=/dev/bus/usb/00
1/
Error: Invalid devices: Device validation failed for "movidius": Invalid device option "path"
root@raspberrypi4:/dev/bus/usb# lxc config device add face-13 movidius usb source=/dev/bus/usb/001/
Error: Invalid devices: Device validation failed for "movidius": Invalid device option "source"
root@raspberrypi4:/dev/bus/usb# lxc config device add face-13 movidius usb source=/dev/bus/usb/
Error: Invalid devices: Device validation failed for "movidius": Invalid device option "source"
root@raspberrypi4:/dev/bus/usb# lxc config device add face-13 Movidius usb source=/dev/bus/usb/001/ path=/dev/bus/usb/00
1
Error: Invalid devices: Device validation failed for "Movidius": Invalid device option "path"
root@raspberrypi4:/dev/bus/usb# ls
001  002
root@raspberrypi4:/dev/bus/usb# lxc config device add face-13 Movidius usb source=/dev/bus/usb/002/ path=/dev/bus/usb/00
root@raspberrypi4:/dev/bus/usb# lxc config device add face-13 Movidius usb source=/dev/bus/usb/ path=dev/bus/usb
Error: Invalid devices: Device validation failed for "Movidius": Invalid device option "path"
root@raspberrypi4:/dev/bus/usb# cd /dev/usb
-sh: cd: can't cd to /dev/usb: No such file or directory
root@raspberrypi4:/dev/bus/usb# ls
001  002
root@raspberrypi4:/dev/bus/usb# cd /dev/bus/usb
root@raspberrypi4:/dev/bus/usb# ls
001  002
root@raspberrypi4:/dev/bus/usb# cd 002/
root@raspberrypi4:/dev/bus/usb/002# ls
001
root@raspberrypi4:/dev/bus/usb/002# ls -l
total 0
crw-rw-rw-    1 root     root      189, 128 Jan  1  1970 001
root@raspberrypi4:/dev/bus/usb/002# cd /etc
root@raspberrypi4:/etc# ls
PmLogDaemon                                 nail.rc
alsa                                        netconfig
asound.conf                                 network
bindresvport.blacklist                      nftables
bluetooth                                   nsswitch.conf
build                                       ntp.conf
busybox.links.nosuid                        ofono
busybox.links.suid                          opkg
ca-certificates                             os-release
ca-certificates.conf                        ostree
com.webos.service.mediaindexer              palm
configd                                     passwd
connman                                     pdm
dbus-1                                      pki
default                                     pmlog.d
depmod.d                                    prefs
dnsmasq.conf                                profile
dnsmasq.d                                   profile.d
docker                                      protocols
dropbear                                    pulse
e2fsck.conf                                 rdxd.conf
e2scrub.conf                                rdxd.d
ebtables                                    request-key.conf
ethertypes                                  request-key.d
event.d                                     resolv-conf.connman
fluent-bit                                  resolv-conf.systemd
fonts                                       resolv.conf
fstab                                       rpc
fw_env.config                               rsyncd.conf
g-camera-pipeline                           securetty
g-media-pipeline                            services
googleAssistant                             shadow
group                                       shells
group-                                      skel
gshadow                                     smartd.conf
gshadow-                                    smartd_warning.d
host.conf                                   smartd_warning.sh
hostname                                    ssl
hosts                                       subgid
init                                        subgid-
init.d                                      subuid
inputrc                                     subuid-
iproute2                                    surface-manager.d
iptables                                    sysctl.conf
issue                                       sysctl.d
issue.net                                   syslog.conf
ld.so.cache                                 systemd
ld.so.conf                                  terminfo
libnl                                       timestamp
limits                                      timezone
localtime                                   tmpfiles.d
location                                    u-boot-initial-env
login.access                                u-boot-initial-env-raspberrypi4
login.defs                                  u-boot-initial-env-raspberrypi4-2020.01-r0
luna-service2                               udev
lxc                                         umediaserver
machine-id                                  version
mke2fs.conf                                 wam
modprobe.d                                  webos-release
modules-load.d                              webos_config_1.json
motd                                        wpa_supplicant.conf
mtab                                        xdg
root@raspberrypi4:/etc# cd c
ca-certificates/                 configd/
com.webos.service.mediaindexer/  connman/
root@raspberrypi4:/etc# cd p
palm/       pdm/        pki/        pmlog.d/    prefs/      profile.d/  pulse/
root@raspberrypi4:/etc# cd lxc/
root@raspberrypi4:/etc/lxc# ls
default.conf
root@raspberrypi4:/etc/lxc# lxc list
+---------------+---------+------+------+-----------+-----------+
|     NAME      |  STATE  | IPV4 | IPV6 |   TYPE    | SNAPSHOTS |
+---------------+---------+------+------+-----------+-----------+
| cam1          | RUNNING |      |      | CONTAINER | 0         |
+---------------+---------+------+------+-----------+-----------+
| face1         | STOPPED |      |      | CONTAINER | 0         |
+---------------+---------+------+------+-----------+-----------+
| face2         | RUNNING |      |      | CONTAINER | 0         |
+---------------+---------+------+------+-----------+-----------+
| face-13       | RUNNING |      |      | CONTAINER | 0         |
+---------------+---------+------+------+-----------+-----------+
| facenet-alpha | RUNNING |      |      | CONTAINER | 0         |
+---------------+---------+------+------+-----------+-----------+
root@raspberrypi4:/etc/lxc# cd /var/lib/lxd/
root@raspberrypi4:/var/lib/lxd# ls
backups                     disks                       server.crt                  unix.socket
containers                  images                      server.key                  virtual-machines
database                    networks                    shmounts                    virtual-machines-snapshots
devices                     seccomp.socket              snapshots
devlxd                      security                    storage-pools
root@raspberrypi4:/var/lib/lxd# cd containers/
root@raspberrypi4:/var/lib/lxd/containers# ls
cam1           face-13        face1          face2          facenet-alpha
root@raspberrypi4:/var/lib/lxd/containers# cd face
face-13/        face1/          face2/          facenet-alpha/
root@raspberrypi4:/var/lib/lxd/containers# cd face-13/
root@raspberrypi4:/var/lib/lxd/containers/face-13# ls
backup.yaml    metadata.yaml  rootfs         templates
root@raspberrypi4:/var/lib/lxd/containers/face-13#  lxc config device add face-13 Movidius disk source=/dev/bus/usb path
=/dev/bus/usb
Device Movidius added to face-13
root@raspberrypi4:/var/lib/lxd/containers/face-13# cd face-13
-sh: cd: can't cd to face-13: No such file or directory
root@raspberrypi4:/var/lib/lxd/containers/face-13# ls
backup.yaml    metadata.yaml  rootfs         templates
root@raspberrypi4:/var/lib/lxd/containers/face-13# lxc exec face-13 -- bash
/ # ls
bin      dev      home     linuxrc  mnt      proc     sbin     sysroot  usr
boot     etc      lib      media    opt      run      sys      tmp      var
/ # lsusb
Bus 001 Device 007: ID 0461:4d81
Bus 001 Device 001: ID 1d6b:0002
Bus 001 Device 006: ID 413c:2107
Bus 001 Device 003: ID 1a40:0101
Bus 001 Device 002: ID 2109:3431
Bus 001 Device 005: ID 413c:2106
Bus 002 Device 001: ID 1d6b:0003
Bus 001 Device 008: ID 413c:301a
Bus 001 Device 004: ID 046d:082b
Bus 001 Device 009: ID 03e7:2150
/ # cd /home/root
~ # ls
Face-Detect         RPI_client.js       facenet-pipe.py
Pictures.zip        face_match          run-facenet-client
~ # cd Face-Detect/
~/Face-Detect # ls
RPI                                  data.sqbpro                          package-lock.json
RPI_client.js                        examples                             public
cert                                 haarcascade_frontalface_default.xml  server.js
cert.pem                             image.jpg                            sqlite3
config                               key.pem
data.db                              node_modules
~/Face-Detect # cd examples/
~/Face-Detect/examples # node RPI_client.js
socketURL => https://10.221.40.228:8888
pyth stderr: Traceback (most recent call last):
  File "/usr/bin/facenet-pipe.py", line 265, in <module>
    sys.exit(main())
  File "/usr/bin/facenet-pipe.py", line 200, in main
    device.OpenDevice()
  File "/usr/bin/mvnc/mvncapi.py", line 147, in OpenDevice
    raise Exception(Status(status))
Exception: mvncStatus.ERROR

a^H^H^H^H^H^H^C
~/Face-Detect/examples # exit
root@raspberrypi4:/var/lib/lxd/containers/face-13#  lxc config device add face-13 Movidius unix-char source=/dev/bus/usb
 path=/dev/bus/usb
Error: The device already exists
root@raspberrypi4:/var/lib/lxd/containers/face-13# lxc config remove face-13 Movidius
Description:
  Manage instance and server configuration options

Usage:
  lxc config [command]

Available Commands:
  device      Manage devices
  edit        Edit instance or server configurations as YAML
  get         Get values for instance or server configuration keys
  metadata    Manage instance metadata files
  set         Set instance or server configuration keys
  show        Show instance or server configurations
  template    Manage instance file templates
  trust       Manage trusted clients
  unset       Unset instance or server configuration keys

Global Flags:
      --debug            Show all debug messages
      --force-local      Force using the local unix socket
  -h, --help             Print help
      --project string   Override the source project
  -q, --quiet            Don't show progress information
  -v, --verbose          Show all information messages
      --version          Print version number

Use "lxc config [command] --help" for more information about a command.
root@raspberrypi4:/var/lib/lxd/containers/face-13# lxc config unset face-13 Movidius
Error: Can't unset key 'Movidius', it's not currently set
root@raspberrypi4:/var/lib/lxd/containers/face-13#  lxc config device add face-13 Movidius disk source=/dev/bus/usb path
=/dev/bus/usb
Error: The device already exists
root@raspberrypi4:/var/lib/lxd/containers/face-13# cd ..
root@raspberrypi4:/var/lib/lxd/containers# ls
cam1           face-13        face1          face2          facenet-alpha
root@raspberrypi4:/var/lib/lxd/containers# cd cam1/
root@raspberrypi4:/var/lib/lxd/containers/cam1# ls
backup.yaml    metadata.yaml  rootfs         templates
root@raspberrypi4:/var/lib/lxd/containers/cam1# lxc config show cam1
architecture: armv7l
config:
  image.architecture: armhf
  image.description: homesurveillance camera for dxdemo
  image.os: webOS OSE 2.13.1
  image.release: ose 2.0
  image.variant: default
  volatile.base_image: a6a47b47a3f06713ce0d64f25438a9c1572d266eacb0976e71fffbac37391349
  volatile.eth0.host_name: vetha2de0df3
  volatile.eth0.hwaddr: 00:16:3e:b7:dd:a4
  volatile.idmap.base: "0"
  volatile.idmap.current: '[{"Isuid":true,"Isgid":false,"Hostid":1000000,"Nsid":0,"Maprange":65536},{"Isuid":false,"Isgi                         d":true,"Hostid":1000000,"Nsid":0,"Maprange":65536}]'
  volatile.idmap.next: '[{"Isuid":true,"Isgid":false,"Hostid":1000000,"Nsid":0,"Maprange":65536},{"Isuid":false,"Isgid":                         true,"Hostid":1000000,"Nsid":0,"Maprange":65536}]'
  volatile.last_state.idmap: '[{"Isuid":true,"Isgid":false,"Hostid":1000000,"Nsid":0,"Maprange":65536},{"Isuid":false,"I                         sgid":true,"Hostid":1000000,"Nsid":0,"Maprange":65536}]'
  volatile.last_state.power: RUNNING
  volatile.uuid: 42e87b88-ce60-449d-8bd5-ece3bc56a819
devices: {}
ephemeral: false
profiles:
- default
stateful: false
description: ""
root@raspberrypi4:/var/lib/lxd/containers/cam1# lxc config device set face-13 raw.lxc="lxc.cgroup.devices.allow =c 81:*
rwm"
Description:
  Set device configuration keys

  For backward compatibility, a single configuration key may still be set with:
      lxc config device set [<remote>:]<instance> <device> <key> <value>

Usage:
  lxc config device set [<remote>:]<instance> <device> <key>=<value>... [flags]

Global Flags:
      --debug            Show all debug messages
      --force-local      Force using the local unix socket
  -h, --help             Print help
      --project string   Override the source project
  -q, --quiet            Don't show progress information
  -v, --verbose          Show all information messages
      --version          Print version number
Error: Invalid number of arguments
root@raspberrypi4:/var/lib/lxd/containers/cam1# lxc config device set face-13 raw.lxc="lxc.cgroup.devices.allow =c 189:*
 rwm"
Description:
  Set device configuration keys

  For backward compatibility, a single configuration key may still be set with:
      lxc config device set [<remote>:]<instance> <device> <key> <value>

Usage:
  lxc config device set [<remote>:]<instance> <device> <key>=<value>... [flags]

Global Flags:
      --debug            Show all debug messages
      --force-local      Force using the local unix socket
  -h, --help             Print help
      --project string   Override the source project
  -q, --quiet            Don't show progress information
  -v, --verbose          Show all information messages
      --version          Print version number
Error: Invalid number of arguments
root@raspberrypi4:/var/lib/lxd/containers/cam1# lxc config device set face-13 raw.lxc="lxc.cgroup.devices.allow =c 189:*
 rwm"
Description:
  Set device configuration keys

  For backward compatibility, a single configuration key may still be set with:
      lxc config device set [<remote>:]<instance> <device> <key> <value>

Usage:
  lxc config device set [<remote>:]<instance> <device> <key>=<value>... [flags]

Global Flags:
      --debug            Show all debug messages
      --force-local      Force using the local unix socket
  -h, --help             Print help
      --project string   Override the source project
  -q, --quiet            Don't show progress information
  -v, --verbose          Show all information messages
      --version          Print version number
Error: Invalid number of arguments
root@raspberrypi4:/var/lib/lxd/containers/cam1# lxc config device set face-13 raw.lxc="lxc.cgroup.devices.allow =c 81:*
rwm"
Description:
  Set device configuration keys

  For backward compatibility, a single configuration key may still be set with:
      lxc config device set [<remote>:]<instance> <device> <key> <value>

Usage:
  lxc config device set [<remote>:]<instance> <device> <key>=<value>... [flags]

Global Flags:
      --debug            Show all debug messages
      --force-local      Force using the local unix socket
  -h, --help             Print help
      --project string   Override the source project
  -q, --quiet            Don't show progress information
  -v, --verbose          Show all information messages
      --version          Print version number
Error: Invalid number of arguments
root@raspberrypi4:/var/lib/lxd/containers/cam1# lxc config device set "face-13" raw.lxc="lxc.cgroup.devices.allow =c 81:
* rwm"
Description:
  Set device configuration keys

  For backward compatibility, a single configuration key may still be set with:
      lxc config device set [<remote>:]<instance> <device> <key> <value>

Usage:
  lxc config device set [<remote>:]<instance> <device> <key>=<value>... [flags]

Global Flags:
      --debug            Show all debug messages
      --force-local      Force using the local unix socket
  -h, --help             Print help
      --project string   Override the source project
  -q, --quiet            Don't show progress information
  -v, --verbose          Show all information messages
      --version          Print version number
Error: Invalid number of arguments
root@raspberrypi4:/var/lib/lxd/containers/cam1# lxc config device add "face-13" raw.lxc="lxc.cgroup.devices.allow =c 81:
* rwm"
Description:
  Add instance devices

Usage:
  lxc config device add [<remote>:]<instance> <device> <type> [key=value...] [flags]

Examples:
  lxc config device add [<remote>:]instance1 <device-name> disk source=/share/c1 path=opt
      Will mount the host's /share/c1 onto /opt in the instance.

Global Flags:
      --debug            Show all debug messages
      --force-local      Force using the local unix socket
  -h, --help             Print help
      --project string   Override the source project
  -q, --quiet            Don't show progress information
  -v, --verbose          Show all information messages
      --version          Print version number
Error: Invalid number of arguments
root@raspberrypi4:/var/lib/lxd/containers/cam1# lxc config device set "face-13" raw.lxc="lxc.cgroup.devices.allow =c 81:
* rwm"
Description:
  Set device configuration keys

  For backward compatibility, a single configuration key may still be set with:
      lxc config device set [<remote>:]<instance> <device> <key> <value>

Usage:
  lxc config device set [<remote>:]<instance> <device> <key>=<value>... [flags]

Global Flags:
      --debug            Show all debug messages
      --force-local      Force using the local unix socket
  -h, --help             Print help
      --project string   Override the source project
  -q, --quiet            Don't show progress information
  -v, --verbose          Show all information messages
      --version          Print version number
Error: Invalid number of arguments
root@raspberrypi4:/var/lib/lxd/containers/cam1# lxc list
+---------------+---------+------+------+-----------+-----------+
|     NAME      |  STATE  | IPV4 | IPV6 |   TYPE    | SNAPSHOTS |
+---------------+---------+------+------+-----------+-----------+
| cam1          | RUNNING |      |      | CONTAINER | 0         |
+---------------+---------+------+------+-----------+-----------+
| face1         | STOPPED |      |      | CONTAINER | 0         |
+---------------+---------+------+------+-----------+-----------+
| face2         | RUNNING |      |      | CONTAINER | 0         |
+---------------+---------+------+------+-----------+-----------+
| face-13       | RUNNING |      |      | CONTAINER | 0         |
+---------------+---------+------+------+-----------+-----------+
| facenet-alpha | RUNNING |      |      | CONTAINER | 0         |
+---------------+---------+------+------+-----------+-----------+
root@raspberrypi4:/var/lib/lxd/containers/cam1# lxc config show face-13
architecture: armv7l
config:
  image.architecture: armhf
  image.description: Webos 2.0 armhf (20210825_13:09)
  image.name: Webos-2,0-armhf-20210825_13:09
  image.os: webos
  image.release: "2.0"
  image.serial: "20210825_13:09"
  image.variant: default
  security.privileged: "true"
  volatile.base_image: 886fce0c892dfc7d9f04293d7606a2c941449edad0829a437352ebf97f34688f
  volatile.eth0.host_name: veth5ad4e755
  volatile.eth0.hwaddr: 00:16:3e:f9:dd:03
  volatile.idmap.base: "0"
  volatile.idmap.current: '[{"Isuid":true,"Isgid":false,"Hostid":1000000,"Nsid":0,"Maprange":65536},{"Isuid":false,"Isgi                         d":true,"Hostid":1000000,"Nsid":0,"Maprange":65536}]'
  volatile.idmap.next: '[]'
  volatile.last_state.idmap: '[{"Isuid":true,"Isgid":false,"Hostid":1000000,"Nsid":0,"Maprange":65536},{"Isuid":false,"I                         sgid":true,"Hostid":1000000,"Nsid":0,"Maprange":65536}]'
  volatile.last_state.power: RUNNING
  volatile.uuid: 2667a733-88b0-4a03-9dbf-a6fddcbf6005
devices:
  Movidius:
    path: /dev/bus/usb
    source: /dev/bus/usb
    type: disk
ephemeral: false
profiles:
- default
stateful: false
description: ""
root@raspberrypi4:/var/lib/lxd/containers/cam1# printf 'lxc.cgroup.devices.allow =c 189:* rwm' | lxc config set face-13
raw.lxc -
root@raspberrypi4:/var/lib/lxd/containers/cam1# lxc config show face-13
architecture: armv7l
config:
  image.architecture: armhf
  image.description: Webos 2.0 armhf (20210825_13:09)
  image.name: Webos-2,0-armhf-20210825_13:09
  image.os: webos
  image.release: "2.0"
  image.serial: "20210825_13:09"
  image.variant: default
  raw.lxc: lxc.cgroup.devices.allow =c 189:* rwm
  security.privileged: "true"
  volatile.base_image: 886fce0c892dfc7d9f04293d7606a2c941449edad0829a437352ebf97f34688f
  volatile.eth0.host_name: veth5ad4e755
  volatile.eth0.hwaddr: 00:16:3e:f9:dd:03
  volatile.idmap.base: "0"
  volatile.idmap.current: '[{"Isuid":true,"Isgid":false,"Hostid":1000000,"Nsid":0,"Maprange":65536},{"Isuid":false,"Isgi                         d":true,"Hostid":1000000,"Nsid":0,"Maprange":65536}]'
  volatile.idmap.next: '[]'
  volatile.last_state.idmap: '[{"Isuid":true,"Isgid":false,"Hostid":1000000,"Nsid":0,"Maprange":65536},{"Isuid":false,"I                         sgid":true,"Hostid":1000000,"Nsid":0,"Maprange":65536}]'
  volatile.last_state.power: RUNNING
  volatile.uuid: 2667a733-88b0-4a03-9dbf-a6fddcbf6005
devices:
  Movidius:
    path: /dev/bus/usb
    source: /dev/bus/usb
    type: disk
ephemeral: false
profiles:
- default
stateful: false
description: ""
root@raspberrypi4:/var/lib/lxd/containers/cam1# cd ../face-13/
root@raspberrypi4:/var/lib/lxd/containers/face-13#
Network error: Software caused connection abort

------------------------------------------------------------------------------------------------------------------------

Session stopped
    - Press <return> to exit tab
    - Press R to restart session
    - Press S to save terminal output to file
    +----------------------------------------------------------------------+
                        MobaXterm Professional v21.0                    
                   (SSH client, X server and network tools)               
                                                                          
     ? SSH session to root@10.221.40.122                                  
        Direct SSH      :  ?                                             
        SSH compression :  ?                                             
        SSH-browser     :  ?                                             
        X11-forwarding  :  ?  (remote display is forwarded through SSH)  
                                                                          
     ? For more info, ctrl+click on help or visit our website.            
    +----------------------------------------------------------------------+

sh: xauth: not found
root@raspberrypi4:/var/rootdirs/home/root# ls
Subscriber.js
Subscriber_new.js
client_secret_405578401357-2m5t0hhmpm05o3fjof15792nlidie0rj.apps.googleusercontent.com.json
com.lg.app.signage_0.0.2_all.ipk
com.lg.app.signage_0.0.3_all.ipk
com.lg.app.signage_0.0.3_all_backup.ipk
config
log.txt
node_modules
package-lock.json
socat-armel-static
testApi
tracking
tracking.zip
utile.js
root@raspberrypi4:/var/rootdirs/home/root# lxc config device add face-13 video0 unix-char path=/dev/video0
Device video0 added to face-13
root@raspberrypi4:/var/rootdirs/home/root# lxc stop face-13
root@raspberrypi4:/var/rootdirs/home/root# lxc list
+---------------+---------+------+------+-----------+-----------+
|     NAME      |  STATE  | IPV4 | IPV6 |   TYPE    | SNAPSHOTS |
+---------------+---------+------+------+-----------+-----------+
| cam1          | STOPPED |      |      | CONTAINER | 0         |
+---------------+---------+------+------+-----------+-----------+
| face1         | STOPPED |      |      | CONTAINER | 0         |
+---------------+---------+------+------+-----------+-----------+
| face2         | RUNNING |      |      | CONTAINER | 0         |
+---------------+---------+------+------+-----------+-----------+
| face-13       | STOPPED |      |      | CONTAINER | 0         |
+---------------+---------+------+------+-----------+-----------+
| facenet-alpha | RUNNING |      |      | CONTAINER | 0         |
+---------------+---------+------+------+-----------+-----------+
root@raspberrypi4:/var/rootdirs/home/root# lxc start face-13
root@raspberrypi4:/var/rootdirs/home/root# lxc config shoe face-13
Description:
  Manage instance and server configuration options

Usage:
  lxc config [command]

Available Commands:
  device      Manage devices
  edit        Edit instance or server configurations as YAML
  get         Get values for instance or server configuration keys
  metadata    Manage instance metadata files
  set         Set instance or server configuration keys
  show        Show instance or server configurations
  template    Manage instance file templates
  trust       Manage trusted clients
  unset       Unset instance or server configuration keys

Global Flags:
      --debug            Show all debug messages
      --force-local      Force using the local unix socket
  -h, --help             Print help
      --project string   Override the source project
  -q, --quiet            Don't show progress information
  -v, --verbose          Show all information messages
      --version          Print version number

Use "lxc config [command] --help" for more information about a command.
root@raspberrypi4:/var/rootdirs/home/root# lxc config show face-13
architecture: armv7l
config:
  image.architecture: armhf
  image.description: Webos 2.0 armhf (20210825_13:09)
  image.name: Webos-2,0-armhf-20210825_13:09
  image.os: webos
  image.release: "2.0"
  image.serial: "20210825_13:09"
  image.variant: default
  raw.lxc: lxc.cgroup.devices.allow =c 189:* rwm
  security.privileged: "true"
  volatile.base_image: 886fce0c892dfc7d9f04293d7606a2c941449edad0829a437352ebf97f34688f
  volatile.eth0.host_name: vethcad7289b
  volatile.eth0.hwaddr: 00:16:3e:f9:dd:03
  volatile.idmap.base: "0"
  volatile.idmap.current: '[]'
  volatile.idmap.next: '[]'
  volatile.last_state.idmap: '[]'
  volatile.last_state.power: RUNNING
  volatile.uuid: 2667a733-88b0-4a03-9dbf-a6fddcbf6005
devices:
  Movidius:
    productid: "2150"
    type: usb
    vendorid: "03e7"
  video0:
    path: /dev/video0
    type: unix-char
ephemeral: false
profiles:
- default
stateful: false
description: ""
root@raspberrypi4:/var/rootdirs/home/root# printf 'lxc.cgroup.devices.allow =c 81:* rwm' | lxc config set face-13 raw.lxc -
root@raspberrypi4:/var/rootdirs/home/root# lxc stop face-13
root@raspberrypi4:/var/rootdirs/home/root# lxc start face-13
root@raspberrypi4:/var/rootdirs/home/root#
Network error: Software caused connection abort

------------------------------------------------------------------------------------------------------------------------------

Session stopped
    - Press <return> to exit tab
    - Press R to restart session
    - Press S to save terminal output to file
    +----------------------------------------------------------------------+
                        MobaXterm Professional v21.0                    
                   (SSH client, X server and network tools)               
                                                                          
     ? SSH session to root@10.221.40.122                                  
        Direct SSH      :  ?                                             
        SSH compression :  ?                                             
        SSH-browser     :  ?                                             
        X11-forwarding  :  ?  (remote display is forwarded through SSH)  
                                                                          
     ? For more info, ctrl+click on help or visit our website.            
    +----------------------------------------------------------------------+

sh: xauth: not found
root@raspberrypi4:/var/rootdirs/home/root#
Network error: Software caused connection abort

------------------------------------------------------------------------------------------------------------------------------

Session stopped
    - Press <return> to exit tab
    - Press R to restart session
    - Press S to save terminal output to file
    +----------------------------------------------------------------------+
                        MobaXterm Professional v21.0                    
                   (SSH client, X server and network tools)               
                                                                          
     ? SSH session to root@10.221.40.122                                  
        Direct SSH      :  ?                                             
        SSH compression :  ?                                             
        SSH-browser     :  ?                                             
        X11-forwarding  :  ?  (remote display is forwarded through SSH)  
                                                                          
     ? For more info, ctrl+click on help or visit our website.            
    +----------------------------------------------------------------------+

sh: xauth: not found
root@raspberrypi4:/var/rootdirs/home/root# lxc list
+---------------+---------+------+------+-----------+-----------+
|     NAME      |  STATE  | IPV4 | IPV6 |   TYPE    | SNAPSHOTS |
+---------------+---------+------+------+-----------+-----------+
| cam1          | STOPPED |      |      | CONTAINER | 0         |
+---------------+---------+------+------+-----------+-----------+
| face1         | STOPPED |      |      | CONTAINER | 0         |
+---------------+---------+------+------+-----------+-----------+
| face2         | RUNNING |      |      | CONTAINER | 0         |
+---------------+---------+------+------+-----------+-----------+
| face-13       | RUNNING |      |      | CONTAINER | 0         |
+---------------+---------+------+------+-----------+-----------+
| facenet-alpha | RUNNING |      |      | CONTAINER | 0         |
+---------------+---------+------+------+-----------+-----------+
root@raspberrypi4:/var/rootdirs/home/root# lxc stop face-13
root@raspberrypi4:/var/rootdirs/home/root# lxc config device remove face-13 Movidius
Device Movidius removed from face-13
root@raspberrypi4:/var/rootdirs/home/root# lxc config device add face-13 Movidius gpu vendorid=03e7 productid=2150
Device Movidius added to face-13
root@raspberrypi4:/var/rootdirs/home/root# lxc list
+---------------+---------+------+------+-----------+-----------+
|     NAME      |  STATE  | IPV4 | IPV6 |   TYPE    | SNAPSHOTS |
+---------------+---------+------+------+-----------+-----------+
| cam1          | STOPPED |      |      | CONTAINER | 0         |
+---------------+---------+------+------+-----------+-----------+
| face1         | STOPPED |      |      | CONTAINER | 0         |
+---------------+---------+------+------+-----------+-----------+
| face2         | RUNNING |      |      | CONTAINER | 0         |
+---------------+---------+------+------+-----------+-----------+
| face-13       | STOPPED |      |      | CONTAINER | 0         |
+---------------+---------+------+------+-----------+-----------+
| facenet-alpha | RUNNING |      |      | CONTAINER | 0         |
+---------------+---------+------+------+-----------+-----------+
root@raspberrypi4:/var/rootdirs/home/root# lxc start face-13
Error: Failed preparing container for start: Failed to start device "Movidius": Failed to detect requested GPU device
Try `lxc info --show-log face-13` for more info
root@raspberrypi4:/var/rootdirs/home/root# lxc config device remove face-13 Movidius
Device Movidius removed from face-13
root@raspberrypi4:/var/rootdirs/home/root# lxc config device add face-13 Movidius usb vendorid=03e7 productid=2150
Device Movidius added to face-13
root@raspberrypi4:/var/rootdirs/home/root# lxc start face-13
root@raspberrypi4:/var/rootdirs/home/root# lxc config set cont_name security.privileged false
Error: not found
root@raspberrypi4:/var/rootdirs/home/root# lxc config set face-13 security.privileged false
root@raspberrypi4:/var/rootdirs/home/root# lxc start face-13
Error: Failed preparing container for start: The container is already running
root@raspberrypi4:/var/rootdirs/home/root# lxc stop face-13
root@raspberrypi4:/var/rootdirs/home/root# lxc start face-13
root@raspberrypi4:/var/rootdirs/home/root#
Network error: Software caused connection abort

------------------------------------------------------------------------------------------------------------------------------

Session stopped
    - Press <return> to exit tab
    - Press R to restart session
    - Press S to save terminal output to file
    +----------------------------------------------------------------------+
                        MobaXterm Professional v21.0                    
                   (SSH client, X server and network tools)               
                                                                          
     ? SSH session to root@10.221.40.122                                  
        Direct SSH      :  ?                                             
        SSH compression :  ?                                             
        SSH-browser     :  ?                                             
        X11-forwarding  :  ?  (remote display is forwarded through SSH)  
                                                                          
     ? For more info, ctrl+click on help or visit our website.            
    +----------------------------------------------------------------------+

sh: xauth: not found
root@raspberrypi4:/var/rootdirs/home/root# cd ../../..
root@raspberrypi4:/var# cd ../..
root@raspberrypi4:/# ls
apps     boot     etc      lib      media    opt      proc     sbin     sys      tmp      var
bin      dev      home     linuxrc  mnt      ostree   run      srv      sysroot  usr
root@raspberrypi4:/# cd apps
root@raspberrypi4:/apps# ls
usr
root@raspberrypi4:/apps# cd usr/
root@raspberrypi4:/apps/usr# ls
palm
root@raspberrypi4:/apps/usr# cd palm/
root@raspberrypi4:/apps/usr/palm# ls
applications
root@raspberrypi4:/apps/usr/palm# cd applications/
root@raspberrypi4:/apps/usr/palm/applications# ls
root@raspberrypi4:/apps/usr/palm/applications# cd ../../
root@raspberrypi4:/apps/usr# ls
palm
root@raspberrypi4:/apps/usr# cd ../../..
root@raspberrypi4:/# ls
apps     boot     etc      lib      media    opt      proc     sbin     sys      tmp      var
bin      dev      home     linuxrc  mnt      ostree   run      srv      sysroot  usr
root@raspberrypi4:/# cd boot
root@raspberrypi4:/boot# ls
loader    loader.1  ostree
root@raspberrypi4:/boot# cd loader
root@raspberrypi4:/boot/loader# ls
entries   uEnv.txt
root@raspberrypi4:/boot/loader# cd entries/
root@raspberrypi4:/boot/loader/entries# la
-sh: la: not found
root@raspberrypi4:/boot/loader/entries# cd ..
root@raspberrypi4:/boot/loader# ls
entries   uEnv.txt
root@raspberrypi4:/boot/loader# cat uEnv.txt
kernel_image=/ostree/webos-17e529015bda146a1078c047c86dde9016d71efd89d7182defb15613a2ca5cbd/vmlinuz-5.4.72-v7l
ramdisk_image=/ostree/webos-17e529015bda146a1078c047c86dde9016d71efd89d7182defb15613a2ca5cbd/initramfs-5.4.72-v7l.img
bootargs=ostree=/ostree/boot.1/webos/17e529015bda146a1078c047c86dde9016d71efd89d7182defb15613a2ca5cbd/0
root@raspberrypi4:/boot/loader# cd ../..
root@raspberrypi4:/# ls
apps     boot     etc      lib      media    opt      proc     sbin     sys      tmp      var
bin      dev      home     linuxrc  mnt      ostree   run      srv      sysroot  usr
root@raspberrypi4:/# cd etc
root@raspberrypi4:/etc# ls
PmLogDaemon                                 nail.rc
alsa                                        netconfig
asound.conf                                 network
bindresvport.blacklist                      nftables
bluetooth                                   nsswitch.conf
build                                       ntp.conf
busybox.links.nosuid                        ofono
busybox.links.suid                          opkg
ca-certificates                             os-release
ca-certificates.conf                        ostree
com.webos.service.mediaindexer              palm
configd                                     passwd
connman                                     pdm
dbus-1                                      pki
default                                     pmlog.d
depmod.d                                    prefs
dnsmasq.conf                                profile
dnsmasq.d                                   profile.d
docker                                      protocols
dropbear                                    pulse
e2fsck.conf                                 rdxd.conf
e2scrub.conf                                rdxd.d
ebtables                                    request-key.conf
ethertypes                                  request-key.d
event.d                                     resolv-conf.connman
fluent-bit                                  resolv-conf.systemd
fonts                                       resolv.conf
fstab                                       rpc
fw_env.config                               rsyncd.conf
g-camera-pipeline                           securetty
g-media-pipeline                            services
googleAssistant                             shadow
group                                       shells
group-                                      skel
gshadow                                     smartd.conf
gshadow-                                    smartd_warning.d
host.conf                                   smartd_warning.sh
hostname                                    ssl
hosts                                       subgid
init                                        subgid-
init.d                                      subuid
inputrc                                     subuid-
iproute2                                    surface-manager.d
iptables                                    sysctl.conf
issue                                       sysctl.d
issue.net                                   syslog.conf
ld.so.cache                                 systemd
ld.so.conf                                  terminfo
libnl                                       timestamp
limits                                      timezone
localtime                                   tmpfiles.d
location                                    u-boot-initial-env
login.access                                u-boot-initial-env-raspberrypi4
login.defs                                  u-boot-initial-env-raspberrypi4-2020.01-r0
luna-service2                               udev
lxc                                         umediaserver
machine-id                                  version
mke2fs.conf                                 wam
modprobe.d                                  webos-release
modules-load.d                              webos_config_1.json
motd                                        wpa_supplicant.conf
mtab                                        xdg
root@raspberrypi4:/etc# cd ..
root@raspberrypi4:/# ls
apps     boot     etc      lib      media    opt      proc     sbin     sys      tmp      var
bin      dev      home     linuxrc  mnt      ostree   run      srv      sysroot  usr
root@raspberrypi4:/# cd lib/
root@raspberrypi4:/lib# ls
?                                                        libidn2.so.0.3.7
alsa-lib                                                 libip4tc.so.2
bluetooth-sils                                           libip4tc.so.2.0.0
cbe                                                      libip6tc.so.2
connman                                                  libip6tc.so.2.0.0
cpp                                                      libixml.so.10
db8                                                      libixml.so.10.0.1
depmod.d                                                 libjemalloc.so.0
dri                                                      libjemalloc.so.0.20080828a
e2initrd_helper                                          libjemalloc_mt.so.0
ebtables                                                 libjemalloc_mt.so.0.20080828a
ecryptfs                                                 libjpeg.so.62
environment.d                                            libjpeg.so.62.3.0
eventmonitor                                             libjson-c.so.4
firmware                                                 libjson-c.so.4.0.0
gconv                                                    libkeyutils.so.1
gdk-pixbuf-2.0                                           libkeyutils.so.1.9
gio                                                      libkmod.so.2
gstreamer-1.0                                            libkmod.so.2.3.4
ld-2.31.so                                               libksba.so.8
ld-linux-armhf.so.3                                      libksba.so.8.11.6
